<html>
<body>
<pre>
<h1>µVision Build Log</h1>
<h2>Tool Versions:</h2>
IDE-Version: ¦ÌVision V5.20.0.0
Copyright (C) 2016 ARM Ltd and ARM Germany GmbH. All rights reserved.
License Information: 12 wzq, 12, LIC=X1EY8-3M2W7-VIQ5N-Y0IYR-SP413-PNZM2
 
Tool Versions:
Toolchain:       MDK-ARM Professional  Version: 5.20
Toolchain Path:  D:\Keil_v5\ARM\ARMCC\Bin
C Compiler:      Armcc.exe V5.06 update 2 (build 183)
Assembler:       Armasm.exe V5.06 update 2 (build 183)
Linker/Locator:  ArmLink.exe V5.06 update 2 (build 183)
Library Manager: ArmAr.exe V5.06 update 2 (build 183)
Hex Converter:   FromElf.exe V5.06 update 2 (build 183)
CPU DLL:         SARMCM3.DLL V5.20
Dialog DLL:      DARMSTM.DLL V1.66.0.0
Target DLL:      Segger\JL2CM3.dll V2.99.20.0
Dialog DLL:      TARMSTM.DLL V1.65.0.0
 
<h2>Project:</h2>
C:\Users\wzqwz\Desktop\CAN_Communciation\HIT_design1.uvproj
Project File Date:  08/07/2018

<h2>Output:</h2>
*** Using Compiler 'V5.06 update 2 (build 183)', folder: 'D:\Keil_v5\ARM\ARMCC\Bin'
Build target 'Target 1'
compiling can.c...
mylib\src\CAN\can.c(136): warning:  #223-D: function "strlen" declared implicitly
  	TxMessage.DLC=strlen(Transdata); //?è¶??ý´?????Ï¢??Ö¡³¤??
mylib\src\CAN\can.c(173): warning:  #1-D: last line of file ends without a newline
  }
mylib\src\CAN\can.c: 2 warnings, 0 errors
linking...
Program Size: Code=9764 RO-data=356 RW-data=28 ZI-data=2164  
FromELF: creating hex file...
".\output\HIT_design1.axf" - 0 Error(s), 2 Warning(s).
Build Time Elapsed:  00:00:01
</pre>
</body>
</html>
