Component: ARM Compiler 5.06 update 2 (build 183) Tool: armlink [4d35b7]

==============================================================================

Section Cross References

    main.o(.text) refers to _printf_percent.o(.ARM.Collect$$_printf_percent$$00000000) for _printf_percent
    main.o(.text) refers to _printf_x.o(.ARM.Collect$$_printf_percent$$0000000C) for _printf_x
    main.o(.text) refers to _printf_hex_int.o(.text) for _printf_longlong_hex
    main.o(.text) refers to stm32f10x_rcc.o(.text) for RCC_DeInit
    main.o(.text) refers to stm32f10x_flash.o(.text) for FLASH_PrefetchBufferCmd
    main.o(.text) refers to delay.o(.text) for delay_init
    main.o(.text) refers to usart.o(.text) for Usart_Configuration
    main.o(.text) refers to can.o(.text) for CAN_Configuration
    main.o(.text) refers to noretval__2printf.o(.text) for __2printf
    main.o(.text) refers to stm32f10x_can.o(.text) for CAN_Transmit
    main.o(.text) refers to main.o(.conststring) for .conststring
    stm32f10x_it.o(.text) refers to stm32f10x_tim.o(.text) for TIM_ClearITPendingBit
    stm32f10x_it.o(.text) refers to encode.o(.text) for TIM3_Process
    stm32f10x_it.o(.text) refers to encode.o(.bss) for MotorMsg
    stm32f10x_adc.o(.text) refers to stm32f10x_rcc.o(.text) for RCC_APB2PeriphResetCmd
    stm32f10x_bkp.o(.text) refers to stm32f10x_rcc.o(.text) for RCC_BackupResetCmd
    stm32f10x_can.o(.text) refers to stm32f10x_rcc.o(.text) for RCC_APB1PeriphResetCmd
    stm32f10x_dac.o(.text) refers to stm32f10x_rcc.o(.text) for RCC_APB1PeriphResetCmd
    stm32f10x_gpio.o(.text) refers to stm32f10x_rcc.o(.text) for RCC_APB2PeriphResetCmd
    stm32f10x_i2c.o(.text) refers to stm32f10x_rcc.o(.text) for RCC_APB1PeriphResetCmd
    stm32f10x_nvic.o(.text) refers to cortexm3_macro.o(.text) for __SETPRIMASK
    stm32f10x_pwr.o(.text) refers to stm32f10x_rcc.o(.text) for RCC_APB1PeriphResetCmd
    stm32f10x_pwr.o(.text) refers to cortexm3_macro.o(.text) for __WFI
    stm32f10x_rcc.o(.text) refers to stm32f10x_rcc.o(.data) for HSEStatus
    stm32f10x_rcc.o(.text) refers to stm32f10x_rcc.o(.constdata) for APBAHBPrescTable
    stm32f10x_spi.o(.text) refers to stm32f10x_rcc.o(.text) for RCC_APB2PeriphResetCmd
    stm32f10x_tim.o(.text) refers to stm32f10x_rcc.o(.text) for RCC_APB2PeriphResetCmd
    stm32f10x_tim1.o(.text) refers to stm32f10x_rcc.o(.text) for RCC_APB2PeriphResetCmd
    stm32f10x_usart.o(.text) refers to stm32f10x_rcc.o(.text) for RCC_APB2PeriphResetCmd
    stm32f10x_wwdg.o(.text) refers to stm32f10x_rcc.o(.text) for RCC_APB1PeriphResetCmd
    delay.o(.text) refers to delay.o(.data) for fac_us
    usart.o(.text) refers (Special) to use_no_semi_2.o(.text) for __use_no_semihosting
    usart.o(.text) refers to strlen.o(.text) for strlen
    usart.o(.text) refers to stm32f10x_rcc.o(.text) for RCC_APB2PeriphClockCmd
    usart.o(.text) refers to stm32f10x_gpio.o(.text) for GPIO_Init
    usart.o(.text) refers to stm32f10x_usart.o(.text) for USART_ClockInit
    usart.o(.data) refers (Special) to use_no_semi_2.o(.text) for __use_no_semihosting
    encode.o(.text) refers to stm32f10x_rcc.o(.text) for RCC_APB2PeriphClockCmd
    encode.o(.text) refers to stm32f10x_gpio.o(.text) for GPIO_StructInit
    encode.o(.text) refers to stm32f10x_tim.o(.text) for TIM_DeInit
    encode.o(.text) refers to stm32f10x_nvic.o(.text) for NVIC_PriorityGroupConfig
    encode.o(.text) refers to adc.o(.text) for Get_Current
    encode.o(.text) refers to fflt_clz.o(x$fpl$fflt) for __aeabi_i2f
    encode.o(.text) refers to pid.o(.text) for PIDCalc
    encode.o(.text) refers to spwm.o(.text) for SetMotorPWM
    encode.o(.text) refers to encode.o(.bss) for MotorMsg
    encode.o(.text) refers to pid.o(.bss) for PID_Motor_P
    encode.o(.text) refers to encode.o(.data) for pwm
    pid.o(.text) refers to faddsub_clz.o(x$fpl$fsub) for __aeabi_fsub
    pid.o(.text) refers to feqf.o(x$fpl$feqf) for __aeabi_cfcmpeq
    pid.o(.text) refers to faddsub_clz.o(x$fpl$fadd) for __aeabi_fadd
    pid.o(.text) refers to fmul.o(x$fpl$fmul) for __aeabi_fmul
    pid.o(.text) refers to frleqf.o(x$fpl$frleqf) for __aeabi_cfrcmple
    pid.o(.text) refers to pid.o(.bss) for PID_Motor_P
    reset.o(.text) refers to stm32f10x_rcc.o(.text) for RCC_APB2PeriphClockCmd
    reset.o(.text) refers to stm32f10x_gpio.o(.text) for GPIO_Init
    reset.o(.text) refers to stm32f10x_nvic.o(.text) for NVIC_PriorityGroupConfig
    reset.o(.text) refers to stm32f10x_exti.o(.text) for EXTI_ClearITPendingBit
    reset.o(.text) refers to encode.o(.bss) for MotorMsg
    adc.o(.text) refers to stm32f10x_rcc.o(.text) for RCC_ADCCLKConfig
    adc.o(.text) refers to stm32f10x_adc.o(.text) for ADC_DeInit
    adc.o(.text) refers to stm32f10x_gpio.o(.text) for GPIO_Init
    adc.o(.text) refers to fflt_clz.o(x$fpl$ffltu) for __aeabi_ui2f
    adc.o(.text) refers to fmul.o(x$fpl$fmul) for __aeabi_fmul
    adc.o(.text) refers to fdiv.o(x$fpl$fdiv) for __aeabi_fdiv
[...]
    .ARM.Collect$$rtentry$$00000009          0x080001bc   Section        0  __rtentry2.o(.ARM.Collect$$rtentry$$00000009)
    .ARM.Collect$$rtentry$$0000000A          0x080001bc   Section        4  __rtentry2.o(.ARM.Collect$$rtentry$$0000000A)
    .ARM.Collect$$rtentry$$0000000C          0x080001c0   Section        0  __rtentry2.o(.ARM.Collect$$rtentry$$0000000C)
    .ARM.Collect$$rtentry$$0000000D          0x080001c0   Section        8  __rtentry2.o(.ARM.Collect$$rtentry$$0000000D)
    .ARM.Collect$$rtexit$$00000000           0x080001c8   Section        2  rtexit.o(.ARM.Collect$$rtexit$$00000000)
    .ARM.Collect$$rtexit$$00000002           0x080001ca   Section        0  rtexit2.o(.ARM.Collect$$rtexit$$00000002)
    .ARM.Collect$$rtexit$$00000003           0x080001ca   Section        4  rtexit2.o(.ARM.Collect$$rtexit$$00000003)
    .ARM.Collect$$rtexit$$00000004           0x080001ce   Section        6  rtexit2.o(.ARM.Collect$$rtexit$$00000004)
    .text                                    0x080001d4   Section        0  main.o(.text)
    .text                                    0x08000388   Section        0  stm32f10x_it.o(.text)
    .text                                    0x08000444   Section        0  stm32f10x_adc.o(.text)
    .text                                    0x08000874   Section        0  stm32f10x_can.o(.text)
    CheckITStatus                            0x08000e9f   Thumb Code    18  stm32f10x_can.o(.text)
    .text                                    0x080010a8   Section        0  stm32f10x_flash.o(.text)
    delay                                    0x08001135   Thumb Code    26  stm32f10x_flash.o(.text)
    .text                                    0x080015d8   Section        0  stm32f10x_gpio.o(.text)
    .text                                    0x08001904   Section        0  stm32f10x_nvic.o(.text)
    .text                                    0x08001cdc   Section        0  stm32f10x_rcc.o(.text)
    .text                                    0x0800208c   Section        0  stm32f10x_tim.o(.text)
    TI4_Config                               0x080023ad   Thumb Code    82  stm32f10x_tim.o(.text)
    TI3_Config                               0x08002411   Thumb Code    72  stm32f10x_tim.o(.text)
    TI2_Config                               0x08002485   Thumb Code    80  stm32f10x_tim.o(.text)
    TI1_Config                               0x080024e7   Thumb Code    56  stm32f10x_tim.o(.text)
    .text                                    0x08002c3c   Section        0  stm32f10x_tim1.o(.text)
    TI4_Config                               0x08002e09   Thumb Code    68  stm32f10x_tim1.o(.text)
    TI3_Config                               0x08002e67   Thumb Code    54  stm32f10x_tim1.o(.text)
    TI2_Config                               0x08002ebf   Thumb Code    68  stm32f10x_tim1.o(.text)
    TI1_Config                               0x08002f1d   Thumb Code    50  stm32f10x_tim1.o(.text)
    .text                                    0x080035a4   Section        0  stm32f10x_usart.o(.text)
    .text                                    0x08003914   Section        0  delay.o(.text)
    .text                                    0x080039c4   Section        0  usart.o(.text)
    .text                                    0x08003c70   Section        0  encode.o(.text)
    .text                                    0x08003ec8   Section        0  pid.o(.text)
    .text                                    0x0800403c   Section        0  adc.o(.text)
    .text                                    0x08004270   Section        0  spwm.o(.text)
    .text                                    0x08004370   Section        0  kalman.o(.text)
    .text                                    0x0800445c   Section        0  can.o(.text)
    .text                                    0x08004530   Section      122  cortexm3_macro.o(.text)
    .text                                    0x080045ac   Section       36  stm32f10x_vector.o(.text)
    .text                                    0x080045d0   Section        2  use_no_semi_2.o(.text)
    .text                                    0x080045d4   Section        0  noretval__2printf.o(.text)
    .text                                    0x080045ec   Section        0  __printf.o(.text)
    .text                                    0x08004654   Section        0  _printf_hex_int.o(.text)
    .text                                    0x080046ac   Section        0  strlen.o(.text)
    .text                                    0x080046ea   Section        0  heapauxi.o(.text)
    .text                                    0x080046f0   Section        2  use_no_semi.o(.text)
    .text                                    0x080046f2   Section        0  _printf_intcommon.o(.text)
    .text                                    0x080047a4   Section        0  _printf_char_file.o(.text)
    .text                                    0x080047c8   Section        0  _printf_char_common.o(.text)
    _printf_input_char                       0x080047c9   Thumb Code    10  _printf_char_common.o(.text)
    .text                                    0x080047f8   Section        0  ferror.o(.text)
    .text                                    0x08004800   Section       74  sys_stackheap_outer.o(.text)
    .text                                    0x0800484a   Section        0  exit.o(.text)
    .text                                    0x0800485c   Section        8  libspace.o(.text)
    x$fpl$d2f                                0x08004864   Section       98  d2f.o(x$fpl$d2f)
    x$fpl$ddiv                               0x080048c8   Section      688  ddiv.o(x$fpl$ddiv)
    ddiv_entry                               0x080048cf   Thumb Code     0  ddiv.o(x$fpl$ddiv)
    x$fpl$dmul                               0x08004b78   Section      340  dmul.o(x$fpl$dmul)
    x$fpl$dnaninf                            0x08004ccc   Section      156  dnaninf.o(x$fpl$dnaninf)
    x$fpl$dretinf                            0x08004d68   Section       12  dretinf.o(x$fpl$dretinf)
    x$fpl$f2d                                0x08004d74   Section       86  f2d.o(x$fpl$f2d)
    x$fpl$fadd                               0x08004dcc   Section      196  faddsub_clz.o(x$fpl$fadd)
    _fadd1                                   0x08004ddb   Thumb Code     0  faddsub_clz.o(x$fpl$fadd)
    x$fpl$fcmpinf                            0x08004e90   Section       24  fcmpi.o(x$fpl$fcmpinf)
    x$fpl$fdiv                               0x08004ea8   Section      388  fdiv.o(x$fpl$fdiv)
    _fdiv1                                   0x08004ea9   Thumb Code     0  fdiv.o(x$fpl$fdiv)
    x$fpl$feqf                               0x0800502c   Section      104  feqf.o(x$fpl$feqf)
    x$fpl$ffixu                              0x08005094   Section       62  ffixu.o(x$fpl$ffixu)
    x$fpl$fflt                               0x080050d4   Section       48  fflt_clz.o(x$fpl$fflt)
    x$fpl$ffltu                              0x08005104   Section       38  fflt_clz.o(x$fpl$ffltu)
    x$fpl$fleqf                              0x0800512c   Section      104  fleqf.o(x$fpl$fleqf)
    x$fpl$fmul                               0x08005194   Section      258  fmul.o(x$fpl$fmul)
    x$fpl$fnaninf                            0x08005296   Section      140  fnaninf.o(x$fpl$fnaninf)
    x$fpl$fretinf                            0x08005322   Section       10  fretinf.o(x$fpl$fretinf)
    x$fpl$frleqf                             0x0800532c   Section       98  frleqf.o(x$fpl$frleqf)
    x$fpl$frsb                               0x0800538e   Section       20  faddsub_clz.o(x$fpl$frsb)
    x$fpl$fsub                               0x080053a4   Section      234  faddsub_clz.o(x$fpl$fsub)
    _fsub1                                   0x080053b3   Thumb Code     0  faddsub_clz.o(x$fpl$fsub)
    .constdata                               0x0800548e   Section       20  stm32f10x_rcc.o(.constdata)
    x$fpl$usenofp                            0x0800548e   Section        0  usenofp.o(x$fpl$usenofp)
    APBAHBPrescTable                         0x0800548e   Data          16  stm32f10x_rcc.o(.constdata)
    ADCPrescTable                            0x0800549e   Data           4  stm32f10x_rcc.o(.constdata)
    .constdata                               0x080054a2   Section       40  _printf_hex_int.o(.constdata)
    uc_hextab                                0x080054a2   Data          20  _printf_hex_int.o(.constdata)
    lc_hextab                                0x080054b6   Data          20  _printf_hex_int.o(.constdata)
    .conststring                             0x080054cc   Section      160  main.o(.conststring)
    .data                                    0x20000000   Section        8  stm32f10x_rcc.o(.data)
    HSEStatus                                0x20000000   Data           1  stm32f10x_rcc.o(.data)
    StartUpCounter                           0x20000004   Data           4  stm32f10x_rcc.o(.data)
    .data                                    0x20000008   Section        4  delay.o(.data)
    fac_us                                   0x20000008   Data           1  delay.o(.data)
    fac_ms                                   0x2000000a   Data           2  delay.o(.data)
    .data                                    0x2000000c   Section        4  usart.o(.data)
    .data                                    0x20000010   Section       20  encode.o(.data)
    .data                                    0x20000024   Section        4  adc.o(.data)
    .bss                                     0x20000028   Section       36  encode.o(.bss)
    .bss                                     0x2000004c   Section      176  pid.o(.bss)
    .bss                                     0x200000fc   Section       44  kalman.o(.bss)
    .bss                                     0x20000128   Section       96  libspace.o(.bss)
    HEAP                                     0x20000188   Section     1024  stm32f10x_vector.o(HEAP)
    Heap_Mem                                 0x20000188   Data        1024  stm32f10x_vector.o(HEAP)
    STACK                                    0x20000588   Section     1024  stm32f10x_vector.o(STACK)
    Stack_Mem                                0x20000588   Data        1024  stm32f10x_vector.o(STACK)
    __initial_sp                             0x20000988   Data           0  stm32f10x_vector.o(STACK)

    Global Symbols

    Symbol Name                              Value     Ov Type        Size  Object(Section)

    BuildAttributes$$THM_ISAv4$P$D$K$B$S$PE$A:L22UL41UL21$X:L11$S22US41US21$IEEE1$IW$USESV6$~STKCKD$USESV7$~SHL$OSPACE$ROPI$EBA8$UX$STANDARDLIB$REQ8$PRES8$EABIv2 0x00000000   Number         0  anon$$obj.o ABSOLUTE
    __ARM_use_no_argv                        0x00000000   Number         0  main.o ABSOLUTE
    __ARM_exceptions_init                     - Undefined Weak Reference
    __alloca_initialize                       - Undefined Weak Reference
    __arm_preinit_                            - Undefined Weak Reference
    __cpp_initialize__aeabi_                  - Undefined Weak Reference
    __cxa_finalize                            - Undefined Weak Reference
    __rt_locale                               - Undefined Weak Reference
    __sigvec_lookup                           - Undefined Weak Reference
    _atexit_init                              - Undefined Weak Reference
    _call_atexit_fns                          - Undefined Weak Reference
    _clock_init                               - Undefined Weak Reference
    _fp_trap_init                             - Undefined Weak Reference
    _fp_trap_shutdown                         - Undefined Weak Reference
    _get_lc_collate                           - Undefined Weak Reference
    _get_lc_ctype                             - Undefined Weak Reference
    _get_lc_monetary                          - Undefined Weak Reference
    _get_lc_numeric                           - Undefined Weak Reference
    _get_lc_time                              - Undefined Weak Reference
    _getenv_init                              - Undefined Weak Reference
    _handle_redirection                       - Undefined Weak Reference
    _init_alloc                               - Undefined Weak Reference
    _init_user_alloc                          - Undefined Weak Reference
    _initio                                   - Undefined Weak Reference
    _mutex_acquire                            - Undefined Weak Reference
    _mutex_release                            - Undefined Weak Reference
    _printf_post_padding                      - Undefined Weak Reference
    _printf_pre_padding                       - Undefined Weak Reference
    _printf_truncate_unsigned                 - Undefined Weak Reference
    _rand_init                                - Undefined Weak Reference
    _signal_finish                            - Undefined Weak Reference
    _signal_init                              - Undefined Weak Reference
    _terminate_alloc                          - Undefined Weak Reference
    _terminate_user_alloc                     - Undefined Weak Reference
    _terminateio                              - Undefined Weak Reference
    __Vectors                                0x08000000   Data           4  stm32f10x_vector.o(RESET)
    __main                                   0x08000131   Thumb Code     8  __main.o(!!!main)
    __scatterload                            0x08000139   Thumb Code     0  __scatter.o(!!!scatter)
    __scatterload_rt2                        0x08000139   Thumb Code    44  __scatter.o(!!!scatter)
    __scatterload_rt2_thumb_only             0x08000139   Thumb Code     0  __scatter.o(!!!scatter)
    __scatterload_null                       0x08000147   Thumb Code     0  __scatter.o(!!!scatter)
    __scatterload_copy                       0x0800016d   Thumb Code    26  __scatter_copy.o(!!handler_copy)
    __scatterload_zeroinit                   0x08000189   Thumb Code    28  __scatter_zi.o(!!handler_zi)
    _printf_percent                          0x080001a5   Thumb Code     0  _printf_percent.o(.ARM.Collect$$_printf_percent$$00000000)
    _printf_x                                0x080001a5   Thumb Code     0  _printf_x.o(.ARM.Collect$$_printf_percent$$0000000C)
    _printf_percent_end                      0x080001ab   Thumb Code     0  _printf_percent_end.o(.ARM.Collect$$_printf_percent$$00000017)
    __rt_lib_init                            0x080001af   Thumb Code     0  libinit.o(.ARM.Collect$$libinit$$00000000)
    __rt_lib_init_alloca_1                   0x080001b1   Thumb Code     0  libinit2.o(.ARM.Collect$$libinit$$0000002E)
    __rt_lib_init_argv_1                     0x080001b1   Thumb Code     0  libinit2.o(.ARM.Collect$$libinit$$0000002C)
    __rt_lib_init_atexit_1                   0x080001b1   Thumb Code     0  libinit2.o(.ARM.Collect$$libinit$$0000001B)
    __rt_lib_init_clock_1                    0x080001b1   Thumb Code     0  libinit2.o(.ARM.Collect$$libinit$$00000021)
    __rt_lib_init_cpp_1                      0x080001b1   Thumb Code     0  libinit2.o(.ARM.Collect$$libinit$$00000032)
    __rt_lib_init_exceptions_1               0x080001b1   Thumb Code     0  libinit2.o(.ARM.Collect$$libinit$$00000030)
    __rt_lib_init_fp_1                       0x080001b1   Thumb Code     0  libinit2.o(.ARM.Collect$$libinit$$00000002)
    __rt_lib_init_fp_trap_1                  0x080001b1   Thumb Code     0  libinit2.o(.ARM.Collect$$libinit$$0000001F)
    __rt_lib_init_getenv_1                   0x080001b1   Thumb Code     0  libinit2.o(.ARM.Collect$$libinit$$00000023)
    __rt_lib_init_heap_1                     0x080001b1   Thumb Code     0  libinit2.o(.ARM.Collect$$libinit$$0000000A)
    __rt_lib_init_lc_collate_1               0x080001b1   Thumb Code     0  libinit2.o(.ARM.Collect$$libinit$$00000011)
    __rt_lib_init_lc_ctype_1                 0x080001b1   Thumb Code     0  libinit2.o(.ARM.Collect$$libinit$$00000013)
    __rt_lib_init_lc_monetary_1              0x080001b1   Thumb Code     0  libinit2.o(.ARM.Collect$$libinit$$00000015)
    __rt_lib_init_lc_numeric_1               0x080001b1   Thumb Code     0  libinit2.o(.ARM.Collect$$libinit$$00000017)
    __rt_lib_init_lc_time_1                  0x080001b1   Thumb Code     0  libinit2.o(.ARM.Collect$$libinit$$00000019)
    __rt_lib_init_preinit_1                  0x080001b1   Thumb Code     0  libinit2.o(.ARM.Collect$$libinit$$00000004)
    __rt_lib_init_rand_1                     0x080001b1   Thumb Code     0  libinit2.o(.ARM.Collect$$libinit$$0000000E)
    __rt_lib_init_return                     0x080001b1   Thumb Code     0  libinit2.o(.ARM.Collect$$libinit$$00000033)
    __rt_lib_init_signal_1                   0x080001b1   Thumb Code     0  libinit2.o(.ARM.Collect$$libinit$$0000001D)
    __rt_lib_init_stdio_1                    0x080001b1   Thumb Code     0  libinit2.o(.ARM.Collect$$libinit$$00000025)
    __rt_lib_init_user_alloc_1               0x080001b1   Thumb Code     0  libinit2.o(.ARM.Collect$$libinit$$0000000C)
    __rt_lib_shutdown                        0x080001b3   Thumb Code     0  libshutdown.o(.ARM.Collect$$libshutdown$$00000000)
    __rt_lib_shutdown_cpp_1                  0x080001b5   Thumb Code     0  libshutdown2.o(.ARM.Collect$$libshutdown$$00000002)
    __rt_lib_shutdown_fp_trap_1              0x080001b5   Thumb Code     0  libshutdown2.o(.ARM.Collect$$libshutdown$$00000007)
    __rt_lib_shutdown_heap_1                 0x080001b5   Thumb Code     0  libshutdown2.o(.ARM.Collect$$libshutdown$$0000000F)
    __rt_lib_shutdown_return                 0x080001b5   Thumb Code     0  libshutdown2.o(.ARM.Collect$$libshutdown$$00000010)
    __rt_lib_shutdown_signal_1               0x080001b5   Thumb Code     0  libshutdown2.o(.ARM.Collect$$libshutdown$$0000000A)
    __rt_lib_shutdown_stdio_1                0x080001b5   Thumb Code     0  libshutdown2.o(.ARM.Collect$$libshutdown$$00000004)
    __rt_lib_shutdown_user_alloc_1           0x080001b5   Thumb Code     0  libshutdown2.o(.ARM.Collect$$libshutdown$$0000000C)
    __rt_entry                               0x080001b7   Thumb Code     0  __rtentry.o(.ARM.Collect$$rtentry$$00000000)
    __rt_entry_presh_1                       0x080001b7   Thumb Code     0  __rtentry2.o(.ARM.Collect$$rtentry$$00000002)
    __rt_entry_sh                            0x080001b7   Thumb Code     0  __rtentry4.o(.ARM.Collect$$rtentry$$00000004)
    __rt_entry_li                            0x080001bd   Thumb Code     0  __rtentry2.o(.ARM.Collect$$rtentry$$0000000A)
    __rt_entry_postsh_1                      0x080001bd   Thumb Code     0  __rtentry2.o(.ARM.Collect$$rtentry$$00000009)
    __rt_entry_main                          0x080001c1   Thumb Code     0  __rtentry2.o(.ARM.Collect$$rtentry$$0000000D)
    __rt_entry_postli_1                      0x080001c1   Thumb Code     0  __rtentry2.o(.ARM.Collect$$rtentry$$0000000C)
    __rt_exit                                0x080001c9   Thumb Code     0  rtexit.o(.ARM.Collect$$rtexit$$00000000)
    __rt_exit_ls                             0x080001cb   Thumb Code     0  rtexit2.o(.ARM.Collect$$rtexit$$00000003)
    __rt_exit_prels_1                        0x080001cb   Thumb Code     0  rtexit2.o(.ARM.Collect$$rtexit$$00000002)
    __rt_exit_exit                           0x080001cf   Thumb Code     0  rtexit2.o(.ARM.Collect$$rtexit$$00000004)
    RCC_Configuration                        0x080001d5   Thumb Code   106  main.o(.text)
    main                                     0x0800023f   Thumb Code   318  main.o(.text)
    NMIException                             0x08000389   Thumb Code     2  stm32f10x_it.o(.text)
    HardFaultException                       0x0800038b   Thumb Code     4  stm32f10x_it.o(.text)
    MemManageException                       0x0800038f   Thumb Code     4  stm32f10x_it.o(.text)
    BusFaultException                        0x08000393   Thumb Code     4  stm32f10x_it.o(.text)
    UsageFaultException                      0x08000397   Thumb Code     4  stm32f10x_it.o(.text)
    DebugMonitor                             0x0800039b   Thumb Code     2  stm32f10x_it.o(.text)
    SVCHandler                               0x0800039d   Thumb Code     2  stm32f10x_it.o(.text)
    PendSVC                                  0x0800039f   Thumb Code     2  stm32f10x_it.o(.text)
    SysTickHandler                           0x080003a1   Thumb Code     2  stm32f10x_it.o(.text)
    WWDG_IRQHandler                          0x080003a3   Thumb Code     2  stm32f10x_it.o(.text)
    PVD_IRQHandler                           0x080003a5   Thumb Code     2  stm32f10x_it.o(.text)
    TAMPER_IRQHandler                        0x080003a7   Thumb Code     2  stm32f10x_it.o(.text)
    RTC_IRQHandler                           0x080003a9   Thumb Code     2  stm32f10x_it.o(.text)
    FLASH_IRQHandler                         0x080003ab   Thumb Code     2  stm32f10x_it.o(.text)
    RCC_IRQHandler                           0x080003ad   Thumb Code     2  stm32f10x_it.o(.text)
    EXTI0_IRQHandler                         0x080003af   Thumb Code     2  stm32f10x_it.o(.text)
    EXTI1_IRQHandler                         0x080003b1   Thumb Code     2  stm32f10x_it.o(.text)
    EXTI2_IRQHandler                         0x080003b3   Thumb Code     2  stm32f10x_it.o(.text)
    EXTI3_IRQHandler                         0x080003b5   Thumb Code     2  stm32f10x_it.o(.text)
    EXTI4_IRQHandler                         0x080003b7   Thumb Code     2  stm32f10x_it.o(.text)
    DMA1_Channel1_IRQHandler                 0x080003b9   Thumb Code     2  stm32f10x_it.o(.text)
    DMA1_Channel2_IRQHandler                 0x080003bb   Thumb Code     2  stm32f10x_it.o(.text)
    DMA1_Channel3_IRQHandler                 0x080003bd   Thumb Code     2  stm32f10x_it.o(.text)
    DMA1_Channel4_IRQHandler                 0x080003bf   Thumb Code     2  stm32f10x_it.o(.text)
    DMA1_Channel5_IRQHandler                 0x080003c1   Thumb Code     2  stm32f10x_it.o(.text)
    DMA1_Channel6_IRQHandler                 0x080003c3   Thumb Code     2  stm32f10x_it.o(.text)
    DMA1_Channel7_IRQHandler                 0x080003c5   Thumb Code     2  stm32f10x_it.o(.text)
    ADC1_2_IRQHandler                        0x080003c7   Thumb Code     2  stm32f10x_it.o(.text)
    USB_HP_CAN_TX_IRQHandler                 0x080003c9   Thumb Code     2  stm32f10x_it.o(.text)
    USB_LP_CAN_RX0_IRQHandler                0x080003cb   Thumb Code     2  stm32f10x_it.o(.text)
    CAN_RX1_IRQHandler                       0x080003cd   Thumb Code     2  stm32f10x_it.o(.text)
    CAN_SCE_IRQHandler                       0x080003cf   Thumb Code     2  stm32f10x_it.o(.text)
    EXTI9_5_IRQHandler                       0x080003d1   Thumb Code     2  stm32f10x_it.o(.text)
    TIM1_BRK_IRQHandler                      0x080003d3   Thumb Code     2  stm32f10x_it.o(.text)
    TIM1_UP_IRQHandler                       0x080003d5   Thumb Code     2  stm32f10x_it.o(.text)
    TIM1_TRG_COM_IRQHandler                  0x080003d7   Thumb Code     2  stm32f10x_it.o(.text)
    TIM1_CC_IRQHandler                       0x080003d9   Thumb Code     2  stm32f10x_it.o(.text)
    TIM2_IRQHandler                          0x080003db   Thumb Code    12  stm32f10x_it.o(.text)
    TIM3_IRQHandler                          0x080003e7   Thumb Code    24  stm32f10x_it.o(.text)
    TIM4_IRQHandler                          0x080003ff   Thumb Code     2  stm32f10x_it.o(.text)
    I2C1_EV_IRQHandler                       0x08000401   Thumb Code     2  stm32f10x_it.o(.text)
    I2C1_ER_IRQHandler                       0x08000403   Thumb Code     2  stm32f10x_it.o(.text)
    I2C2_EV_IRQHandler                       0x08000405   Thumb Code     2  stm32f10x_it.o(.text)
    I2C2_ER_IRQHandler                       0x08000407   Thumb Code     2  stm32f10x_it.o(.text)
    SPI1_IRQHandler                          0x08000409   Thumb Code     2  stm32f10x_it.o(.text)
    SPI2_IRQHandler                          0x0800040b   Thumb Code     2  stm32f10x_it.o(.text)
    USART1_IRQHandler                        0x0800040d   Thumb Code     2  stm32f10x_it.o(.text)
    USART2_IRQHandler                        0x0800040f   Thumb Code     2  stm32f10x_it.o(.text)
    USART3_IRQHandler                        0x08000411   Thumb Code     2  stm32f10x_it.o(.text)
    EXTI15_10_IRQHandler                     0x08000413   Thumb Code     2  stm32f10x_it.o(.text)
    RTCAlarm_IRQHandler                      0x08000415   Thumb Code     2  stm32f10x_it.o(.text)
    USBWakeUp_IRQHandler                     0x08000417   Thumb Code     2  stm32f10x_it.o(.text)
    TIM8_BRK_IRQHandler                      0x08000419   Thumb Code     2  stm32f10x_it.o(.text)
    TIM8_UP_IRQHandler                       0x0800041b   Thumb Code     2  stm32f10x_it.o(.text)
    TIM8_TRG_COM_IRQHandler                  0x0800041d   Thumb Code     2  stm32f10x_it.o(.text)
    TIM8_CC_IRQHandler                       0x0800041f   Thumb Code     2  stm32f10x_it.o(.text)
    ADC3_IRQHandler                          0x08000421   Thumb Code     2  stm32f10x_it.o(.text)
    FSMC_IRQHandler                          0x08000423   Thumb Code     2  stm32f10x_it.o(.text)
    SDIO_IRQHandler                          0x08000425   Thumb Code     2  stm32f10x_it.o(.text)
    TIM5_IRQHandler                          0x08000427   Thumb Code     2  stm32f10x_it.o(.text)
    SPI3_IRQHandler                          0x08000429   Thumb Code     2  stm32f10x_it.o(.text)
    UART4_IRQHandler                         0x0800042b   Thumb Code     2  stm32f10x_it.o(.text)
    UART5_IRQHandler                         0x0800042d   Thumb Code     2  stm32f10x_it.o(.text)
    TIM6_IRQHandler                          0x0800042f   Thumb Code     2  stm32f10x_it.o(.text)
    TIM7_IRQHandler                          0x08000431   Thumb Code     2  stm32f10x_it.o(.text)
    DMA2_Channel1_IRQHandler                 0x08000433   Thumb Code     2  stm32f10x_it.o(.text)
    DMA2_Channel2_IRQHandler                 0x08000435   Thumb Code     2  stm32f10x_it.o(.text)
    DMA2_Channel3_IRQHandler                 0x08000437   Thumb Code     2  stm32f10x_it.o(.text)
    DMA2_Channel4_5_IRQHandler               0x08000439   Thumb Code     2  stm32f10x_it.o(.text)
    ADC_DeInit                               0x08000445   Thumb Code    90  stm32f10x_adc.o(.text)
    ADC_Init                                 0x0800049f   Thumb Code    70  stm32f10x_adc.o(.text)
    ADC_StructInit                           0x080004e5   Thumb Code    18  stm32f10x_adc.o(.text)
    ADC_Cmd                                  0x080004f7   Thumb Code    22  stm32f10x_adc.o(.text)
    ADC_DMACmd                               0x0800050d   Thumb Code    22  stm32f10x_adc.o(.text)
    ADC_ITConfig                             0x08000523   Thumb Code    24  stm32f10x_adc.o(.text)
    ADC_ResetCalibration                     0x0800053b   Thumb Code    10  stm32f10x_adc.o(.text)
    ADC_GetResetCalibrationStatus            0x08000545   Thumb Code    20  stm32f10x_adc.o(.text)
    ADC_StartCalibration                     0x08000559   Thumb Code    10  stm32f10x_adc.o(.text)
    ADC_GetCalibrationStatus                 0x08000563   Thumb Code    20  stm32f10x_adc.o(.text)
    ADC_SoftwareStartConvCmd                 0x08000577   Thumb Code    22  stm32f10x_adc.o(.text)
    ADC_GetSoftwareStartConvStatus           0x0800058d   Thumb Code    20  stm32f10x_adc.o(.text)
    ADC_DiscModeChannelCountConfig           0x080005a1   Thumb Code    24  stm32f10x_adc.o(.text)
    ADC_DiscModeCmd                          0x080005b9   Thumb Code    22  stm32f10x_adc.o(.text)
    ADC_RegularChannelConfig                 0x080005cf   Thumb Code   184  stm32f10x_adc.o(.text)
    ADC_ExternalTrigConvCmd                  0x08000687   Thumb Code    22  stm32f10x_adc.o(.text)
    ADC_GetConversionValue                   0x0800069d   Thumb Code     8  stm32f10x_adc.o(.text)
    ADC_GetDualModeConversionValue           0x080006a5   Thumb Code     6  stm32f10x_adc.o(.text)
    ADC_AutoInjectedConvCmd                  0x080006ab   Thumb Code    22  stm32f10x_adc.o(.text)
    ADC_InjectedDiscModeCmd                  0x080006c1   Thumb Code    22  stm32f10x_adc.o(.text)
    ADC_ExternalTrigInjectedConvConfig       0x080006d7   Thumb Code    16  stm32f10x_adc.o(.text)
    ADC_ExternalTrigInjectedConvCmd          0x080006e7   Thumb Code    22  stm32f10x_adc.o(.text)
    ADC_SoftwareStartInjectedConvCmd         0x080006fd   Thumb Code    22  stm32f10x_adc.o(.text)
    ADC_GetSoftwareStartInjectedConvCmdStatus 0x08000713   Thumb Code    20  stm32f10x_adc.o(.text)
    ADC_InjectedChannelConfig                0x08000727   Thumb Code   130  stm32f10x_adc.o(.text)
    ADC_InjectedSequencerLengthConfig        0x080007a9   Thumb Code    24  stm32f10x_adc.o(.text)
    ADC_SetInjectedOffset                    0x080007c1   Thumb Code     4  stm32f10x_adc.o(.text)
    ADC_GetInjectedConversionValue           0x080007c5   Thumb Code    10  stm32f10x_adc.o(.text)
    ADC_AnalogWatchdogCmd                    0x080007cf   Thumb Code    16  stm32f10x_adc.o(.text)
    ADC_AnalogWatchdogThresholdsConfig       0x080007df   Thumb Code     6  stm32f10x_adc.o(.text)
    ADC_AnalogWatchdogSingleChannelConfig    0x080007e5   Thumb Code    16  stm32f10x_adc.o(.text)
    ADC_TempSensorVrefintCmd                 0x080007f5   Thumb Code    38  stm32f10x_adc.o(.text)
    ADC_GetFlagStatus                        0x0800081b   Thumb Code    38  stm32f10x_adc.o(.text)
    ADC_ClearFlag                            0x08000841   Thumb Code     6  stm32f10x_adc.o(.text)
    ADC_GetITStatus                          0x08000847   Thumb Code    36  stm32f10x_adc.o(.text)
    ADC_ClearITPendingBit                    0x0800086b   Thumb Code    10  stm32f10x_adc.o(.text)
    CAN_DeInit                               0x08000875   Thumb Code    22  stm32f10x_can.o(.text)
    CAN_Init                                 0x0800088b   Thumb Code   292  stm32f10x_can.o(.text)
    CAN_FilterInit                           0x080009af   Thumb Code   258  stm32f10x_can.o(.text)
    CAN_StructInit                           0x08000ab1   Thumb Code    32  stm32f10x_can.o(.text)
    CAN_ITConfig                             0x08000ad1   Thumb Code    34  stm32f10x_can.o(.text)
    CAN_Transmit                             0x08000af3   Thumb Code   338  stm32f10x_can.o(.text)
    CAN_TransmitStatus                       0x08000c45   Thumb Code   174  stm32f10x_can.o(.text)
    CAN_CancelTransmit                       0x08000cf3   Thumb Code    60  stm32f10x_can.o(.text)
    CAN_FIFORelease                          0x08000d2f   Thumb Code    22  stm32f10x_can.o(.text)
    CAN_MessagePending                       0x08000d45   Thumb Code    38  stm32f10x_can.o(.text)
    CAN_Receive                              0x08000d6b   Thumb Code   202  stm32f10x_can.o(.text)
    CAN_Sleep                                0x08000e35   Thumb Code    34  stm32f10x_can.o(.text)
    CAN_WakeUp                               0x08000e57   Thumb Code    34  stm32f10x_can.o(.text)
    CAN_GetFlagStatus                        0x08000e79   Thumb Code    22  stm32f10x_can.o(.text)
    CAN_ClearFlag                            0x08000e8f   Thumb Code    16  stm32f10x_can.o(.text)
    CAN_GetITStatus                          0x08000eb1   Thumb Code   278  stm32f10x_can.o(.text)
    CAN_ClearITPendingBit                    0x08000fc7   Thumb Code   220  stm32f10x_can.o(.text)
    FLASH_SetLatency                         0x080010a9   Thumb Code    22  stm32f10x_flash.o(.text)
    FLASH_HalfCycleAccessCmd                 0x080010bf   Thumb Code    22  stm32f10x_flash.o(.text)
    FLASH_PrefetchBufferCmd                  0x080010d5   Thumb Code    22  stm32f10x_flash.o(.text)
    FLASH_Unlock                             0x080010eb   Thumb Code    12  stm32f10x_flash.o(.text)
    FLASH_Lock                               0x080010f7   Thumb Code    14  stm32f10x_flash.o(.text)
    FLASH_GetStatus                          0x08001105   Thumb Code    48  stm32f10x_flash.o(.text)
    FLASH_WaitForLastOperation               0x0800114f   Thumb Code    42  stm32f10x_flash.o(.text)
    FLASH_ErasePage                          0x08001179   Thumb Code    76  stm32f10x_flash.o(.text)
    FLASH_EraseAllPages                      0x080011c5   Thumb Code    72  stm32f10x_flash.o(.text)
    FLASH_EraseOptionBytes                   0x0800120d   Thumb Code   142  stm32f10x_flash.o(.text)
    FLASH_ProgramWord                        0x0800129b   Thumb Code   100  stm32f10x_flash.o(.text)
    FLASH_ProgramHalfWord                    0x080012ff   Thumb Code    64  stm32f10x_flash.o(.text)
    FLASH_ProgramOptionByteData              0x0800133f   Thumb Code    72  stm32f10x_flash.o(.text)
    FLASH_EnableWriteProtection              0x08001387   Thumb Code   182  stm32f10x_flash.o(.text)
    FLASH_ReadOutProtection                  0x0800143d   Thumb Code   174  stm32f10x_flash.o(.text)
    FLASH_UserOptionByteConfig               0x080014eb   Thumb Code    94  stm32f10x_flash.o(.text)
    FLASH_GetUserOptionByte                  0x08001549   Thumb Code     8  stm32f10x_flash.o(.text)
    FLASH_GetWriteProtectionOptionByte       0x08001551   Thumb Code     6  stm32f10x_flash.o(.text)
    FLASH_GetReadOutProtectionStatus         0x08001557   Thumb Code    20  stm32f10x_flash.o(.text)
    FLASH_GetPrefetchBufferStatus            0x0800156b   Thumb Code    20  stm32f10x_flash.o(.text)
    FLASH_ITConfig                           0x0800157f   Thumb Code    26  stm32f10x_flash.o(.text)
    FLASH_GetFlagStatus                      0x08001599   Thumb Code    42  stm32f10x_flash.o(.text)
    FLASH_ClearFlag                          0x080015c3   Thumb Code     6  stm32f10x_flash.o(.text)
    GPIO_DeInit                              0x080015d9   Thumb Code   188  stm32f10x_gpio.o(.text)
    GPIO_AFIODeInit                          0x08001695   Thumb Code    20  stm32f10x_gpio.o(.text)
    GPIO_Init                                0x080016a9   Thumb Code   276  stm32f10x_gpio.o(.text)
    GPIO_StructInit                          0x080017bd   Thumb Code    16  stm32f10x_gpio.o(.text)
    GPIO_ReadInputDataBit                    0x080017cd   Thumb Code    18  stm32f10x_gpio.o(.text)
    GPIO_ReadInputData                       0x080017df   Thumb Code     8  stm32f10x_gpio.o(.text)
    GPIO_ReadOutputDataBit                   0x080017e7   Thumb Code    18  stm32f10x_gpio.o(.text)
    GPIO_ReadOutputData                      0x080017f9   Thumb Code     8  stm32f10x_gpio.o(.text)
    GPIO_SetBits                             0x08001801   Thumb Code     4  stm32f10x_gpio.o(.text)
    GPIO_ResetBits                           0x08001805   Thumb Code     4  stm32f10x_gpio.o(.text)
    GPIO_WriteBit                            0x08001809   Thumb Code    10  stm32f10x_gpio.o(.text)
    GPIO_Write                               0x08001813   Thumb Code     4  stm32f10x_gpio.o(.text)
    GPIO_PinLockConfig                       0x08001817   Thumb Code    18  stm32f10x_gpio.o(.text)
    GPIO_EventOutputConfig                   0x08001829   Thumb Code    26  stm32f10x_gpio.o(.text)
    GPIO_EventOutputCmd                      0x08001843   Thumb Code     6  stm32f10x_gpio.o(.text)
    GPIO_PinRemapConfig                      0x08001849   Thumb Code   106  stm32f10x_gpio.o(.text)
    GPIO_EXTILineConfig                      0x080018b3   Thumb Code    66  stm32f10x_gpio.o(.text)
    NVIC_DeInit                              0x08001905   Thumb Code    54  stm32f10x_nvic.o(.text)
    NVIC_SCBDeInit                           0x0800193b   Thumb Code    76  stm32f10x_nvic.o(.text)
    NVIC_PriorityGroupConfig                 0x08001987   Thumb Code    12  stm32f10x_nvic.o(.text)
    NVIC_Init                                0x08001993   Thumb Code   152  stm32f10x_nvic.o(.text)
    NVIC_StructInit                          0x08001a2b   Thumb Code    12  stm32f10x_nvic.o(.text)
    NVIC_SETPRIMASK                          0x08001a37   Thumb Code     8  stm32f10x_nvic.o(.text)
    NVIC_RESETPRIMASK                        0x08001a3f   Thumb Code     8  stm32f10x_nvic.o(.text)
    NVIC_SETFAULTMASK                        0x08001a47   Thumb Code     8  stm32f10x_nvic.o(.text)
    NVIC_RESETFAULTMASK                      0x08001a4f   Thumb Code     8  stm32f10x_nvic.o(.text)
    NVIC_BASEPRICONFIG                       0x08001a57   Thumb Code    12  stm32f10x_nvic.o(.text)
    NVIC_GetBASEPRI                          0x08001a63   Thumb Code     8  stm32f10x_nvic.o(.text)
    NVIC_GetCurrentPendingIRQChannel         0x08001a6b   Thumb Code    10  stm32f10x_nvic.o(.text)
    NVIC_GetIRQChannelPendingBitStatus       0x08001a75   Thumb Code    42  stm32f10x_nvic.o(.text)
    NVIC_SetIRQChannelPendingBit             0x08001a9f   Thumb Code     6  stm32f10x_nvic.o(.text)
    NVIC_ClearIRQChannelPendingBit           0x08001aa5   Thumb Code    20  stm32f10x_nvic.o(.text)
    NVIC_GetCurrentActiveHandler             0x08001ab9   Thumb Code    10  stm32f10x_nvic.o(.text)
    NVIC_GetIRQChannelActiveBitStatus        0x08001ac3   Thumb Code    42  stm32f10x_nvic.o(.text)
    NVIC_GetCPUID                            0x08001aed   Thumb Code     8  stm32f10x_nvic.o(.text)
    NVIC_SetVectorTable                      0x08001af5   Thumb Code    14  stm32f10x_nvic.o(.text)
    NVIC_GenerateSystemReset                 0x08001b03   Thumb Code    12  stm32f10x_nvic.o(.text)
    NVIC_GenerateCoreReset                   0x08001b0f   Thumb Code    12  stm32f10x_nvic.o(.text)
    NVIC_SystemLPConfig                      0x08001b1b   Thumb Code    34  stm32f10x_nvic.o(.text)
    NVIC_SystemHandlerConfig                 0x08001b3d   Thumb Code    48  stm32f10x_nvic.o(.text)
    NVIC_SystemHandlerPriorityConfig         0x08001b6d   Thumb Code   110  stm32f10x_nvic.o(.text)
    NVIC_GetSystemHandlerPendingBitStatus    0x08001bdb   Thumb Code    44  stm32f10x_nvic.o(.text)
    NVIC_SetSystemHandlerPendingBit          0x08001c07   Thumb Code    22  stm32f10x_nvic.o(.text)
    NVIC_ClearSystemHandlerPendingBit        0x08001c1d   Thumb Code    26  stm32f10x_nvic.o(.text)
    NVIC_GetSystemHandlerActiveBitStatus     0x08001c37   Thumb Code    42  stm32f10x_nvic.o(.text)
    NVIC_GetFaultHandlerSources              0x08001c61   Thumb Code    66  stm32f10x_nvic.o(.text)
    NVIC_GetFaultAddress                     0x08001ca3   Thumb Code    28  stm32f10x_nvic.o(.text)
    RCC_DeInit                               0x08001cdd   Thumb Code    62  stm32f10x_rcc.o(.text)
    RCC_HSEConfig                            0x08001d1b   Thumb Code    70  stm32f10x_rcc.o(.text)
    RCC_GetFlagStatus                        0x08001d61   Thumb Code    56  stm32f10x_rcc.o(.text)
    RCC_WaitForHSEStartUp                    0x08001d99   Thumb Code    62  stm32f10x_rcc.o(.text)
    RCC_AdjustHSICalibrationValue            0x08001dd7   Thumb Code    20  stm32f10x_rcc.o(.text)
    RCC_HSICmd                               0x08001deb   Thumb Code     6  stm32f10x_rcc.o(.text)
    RCC_PLLConfig                            0x08001df1   Thumb Code    24  stm32f10x_rcc.o(.text)
    RCC_PLLCmd                               0x08001e09   Thumb Code     6  stm32f10x_rcc.o(.text)
    RCC_SYSCLKConfig                         0x08001e0f   Thumb Code    18  stm32f10x_rcc.o(.text)
    RCC_GetSYSCLKSource                      0x08001e21   Thumb Code    10  stm32f10x_rcc.o(.text)
    RCC_HCLKConfig                           0x08001e2b   Thumb Code    18  stm32f10x_rcc.o(.text)
    RCC_PCLK1Config                          0x08001e3d   Thumb Code    18  stm32f10x_rcc.o(.text)
    RCC_PCLK2Config                          0x08001e4f   Thumb Code    20  stm32f10x_rcc.o(.text)
    RCC_ITConfig                             0x08001e63   Thumb Code    26  stm32f10x_rcc.o(.text)
    RCC_USBCLKConfig                         0x08001e7d   Thumb Code     8  stm32f10x_rcc.o(.text)
    RCC_ADCCLKConfig                         0x08001e85   Thumb Code    18  stm32f10x_rcc.o(.text)
    RCC_LSEConfig                            0x08001e97   Thumb Code    50  stm32f10x_rcc.o(.text)
    RCC_LSICmd                               0x08001ec9   Thumb Code     6  stm32f10x_rcc.o(.text)
    RCC_RTCCLKConfig                         0x08001ecf   Thumb Code    12  stm32f10x_rcc.o(.text)
    RCC_RTCCLKCmd                            0x08001edb   Thumb Code     8  stm32f10x_rcc.o(.text)
    RCC_GetClocksFreq                        0x08001ee3   Thumb Code   192  stm32f10x_rcc.o(.text)
    RCC_AHBPeriphClockCmd                    0x08001fa3   Thumb Code    26  stm32f10x_rcc.o(.text)
    RCC_APB2PeriphClockCmd                   0x08001fbd   Thumb Code    26  stm32f10x_rcc.o(.text)
    RCC_APB1PeriphClockCmd                   0x08001fd7   Thumb Code    26  stm32f10x_rcc.o(.text)
    RCC_APB2PeriphResetCmd                   0x08001ff1   Thumb Code    26  stm32f10x_rcc.o(.text)
    RCC_APB1PeriphResetCmd                   0x0800200b   Thumb Code    26  stm32f10x_rcc.o(.text)
    RCC_BackupResetCmd                       0x08002025   Thumb Code     8  stm32f10x_rcc.o(.text)
    RCC_ClockSecuritySystemCmd               0x0800202d   Thumb Code     6  stm32f10x_rcc.o(.text)
    RCC_MCOConfig                            0x08002033   Thumb Code     6  stm32f10x_rcc.o(.text)
    RCC_ClearFlag                            0x08002039   Thumb Code    14  stm32f10x_rcc.o(.text)
    RCC_GetITStatus                          0x08002047   Thumb Code    20  stm32f10x_rcc.o(.text)
    RCC_ClearITPendingBit                    0x0800205b   Thumb Code     6  stm32f10x_rcc.o(.text)
    TIM_DeInit                               0x0800208d   Thumb Code   214  stm32f10x_tim.o(.text)
    TIM_TimeBaseInit                         0x08002163   Thumb Code    52  stm32f10x_tim.o(.text)
    TIM_OC1Init                              0x08002197   Thumb Code   110  stm32f10x_tim.o(.text)
    TIM_OC2Init                              0x08002205   Thumb Code   148  stm32f10x_tim.o(.text)
    TIM_OC3Init                              0x08002299   Thumb Code   144  stm32f10x_tim.o(.text)
    TIM_OC4Init                              0x08002329   Thumb Code   106  stm32f10x_tim.o(.text)
    TIM_SetIC4Prescaler                      0x08002393   Thumb Code    26  stm32f10x_tim.o(.text)
    TIM_SetIC3Prescaler                      0x080023ff   Thumb Code    18  stm32f10x_tim.o(.text)
    TIM_SetIC2Prescaler                      0x08002459   Thumb Code    44  stm32f10x_tim.o(.text)
    TIM_SetIC1Prescaler                      0x080024d5   Thumb Code    18  stm32f10x_tim.o(.text)
    TIM_ICInit                               0x0800251f   Thumb Code   110  stm32f10x_tim.o(.text)
    TIM_PWMIConfig                           0x0800258d   Thumb Code   124  stm32f10x_tim.o(.text)
    TIM_BDTRConfig                           0x08002609   Thumb Code    32  stm32f10x_tim.o(.text)
    TIM_TimeBaseStructInit                   0x08002629   Thumb Code    18  stm32f10x_tim.o(.text)
    TIM_OCStructInit                         0x0800263b   Thumb Code    20  stm32f10x_tim.o(.text)
    TIM_ICStructInit                         0x0800264f   Thumb Code    18  stm32f10x_tim.o(.text)
    TIM_BDTRStructInit                       0x08002661   Thumb Code    18  stm32f10x_tim.o(.text)
    TIM_Cmd                                  0x08002673   Thumb Code    24  stm32f10x_tim.o(.text)
    TIM_CtrlPWMOutputs                       0x0800268b   Thumb Code    30  stm32f10x_tim.o(.text)
    TIM_ITConfig                             0x080026a9   Thumb Code    18  stm32f10x_tim.o(.text)
    TIM_GenerateEvent                        0x080026bb   Thumb Code     4  stm32f10x_tim.o(.text)
    TIM_DMAConfig                            0x080026bf   Thumb Code    10  stm32f10x_tim.o(.text)
    TIM_DMACmd                               0x080026c9   Thumb Code    18  stm32f10x_tim.o(.text)
    TIM_InternalClockConfig                  0x080026db   Thumb Code    12  stm32f10x_tim.o(.text)
    TIM_SelectInputTrigger                   0x080026e7   Thumb Code    18  stm32f10x_tim.o(.text)
    TIM_ITRxExternalClockConfig              0x080026f9   Thumb Code    24  stm32f10x_tim.o(.text)
    TIM_TIxExternalClockConfig               0x08002711   Thumb Code    62  stm32f10x_tim.o(.text)
    TIM_ETRConfig                            0x0800274f   Thumb Code    30  stm32f10x_tim.o(.text)
    TIM_ETRClockMode1Config                  0x0800276d   Thumb Code    54  stm32f10x_tim.o(.text)
    TIM_ETRClockMode2Config                  0x080027a3   Thumb Code    32  stm32f10x_tim.o(.text)
    TIM_PrescalerConfig                      0x080027c3   Thumb Code     6  stm32f10x_tim.o(.text)
    TIM_CounterModeConfig                    0x080027c9   Thumb Code    18  stm32f10x_tim.o(.text)
    TIM_EncoderInterfaceConfig               0x080027db   Thumb Code    66  stm32f10x_tim.o(.text)
    TIM_ForcedOC1Config                      0x0800281d   Thumb Code    18  stm32f10x_tim.o(.text)
    TIM_ForcedOC2Config                      0x0800282f   Thumb Code    26  stm32f10x_tim.o(.text)
    TIM_ForcedOC3Config                      0x08002849   Thumb Code    18  stm32f10x_tim.o(.text)
    TIM_ForcedOC4Config                      0x0800285b   Thumb Code    26  stm32f10x_tim.o(.text)
    TIM_ARRPreloadConfig                     0x08002875   Thumb Code    24  stm32f10x_tim.o(.text)
    TIM_SelectCOM                            0x0800288d   Thumb Code    24  stm32f10x_tim.o(.text)
    TIM_SelectCCDMA                          0x080028a5   Thumb Code    24  stm32f10x_tim.o(.text)
    TIM_CCPreloadControl                     0x080028bd   Thumb Code    24  stm32f10x_tim.o(.text)
    TIM_OC1PreloadConfig                     0x080028d5   Thumb Code    18  stm32f10x_tim.o(.text)
    TIM_OC2PreloadConfig                     0x080028e7   Thumb Code    26  stm32f10x_tim.o(.text)
    TIM_OC3PreloadConfig                     0x08002901   Thumb Code    18  stm32f10x_tim.o(.text)
    TIM_OC4PreloadConfig                     0x08002913   Thumb Code    26  stm32f10x_tim.o(.text)
    TIM_OC1FastConfig                        0x0800292d   Thumb Code    18  stm32f10x_tim.o(.text)
    TIM_OC2FastConfig                        0x0800293f   Thumb Code    26  stm32f10x_tim.o(.text)
    TIM_OC3FastConfig                        0x08002959   Thumb Code    18  stm32f10x_tim.o(.text)
    TIM_OC4FastConfig                        0x0800296b   Thumb Code    26  stm32f10x_tim.o(.text)
    TIM_ClearOC1Ref                          0x08002985   Thumb Code    18  stm32f10x_tim.o(.text)
    TIM_ClearOC2Ref                          0x08002997   Thumb Code    24  stm32f10x_tim.o(.text)
    TIM_ClearOC3Ref                          0x080029af   Thumb Code    18  stm32f10x_tim.o(.text)
    TIM_ClearOC4Ref                          0x080029c1   Thumb Code    24  stm32f10x_tim.o(.text)
    TIM_OC1PolarityConfig                    0x080029d9   Thumb Code    18  stm32f10x_tim.o(.text)
    TIM_OC1NPolarityConfig                   0x080029eb   Thumb Code    18  stm32f10x_tim.o(.text)
    TIM_OC2PolarityConfig                    0x080029fd   Thumb Code    26  stm32f10x_tim.o(.text)
    TIM_OC2NPolarityConfig                   0x08002a17   Thumb Code    26  stm32f10x_tim.o(.text)
    TIM_OC3PolarityConfig                    0x08002a31   Thumb Code    26  stm32f10x_tim.o(.text)
    TIM_OC3NPolarityConfig                   0x08002a4b   Thumb Code    26  stm32f10x_tim.o(.text)
    TIM_OC4PolarityConfig                    0x08002a65   Thumb Code    26  stm32f10x_tim.o(.text)
    TIM_CCxCmd                               0x08002a7f   Thumb Code    26  stm32f10x_tim.o(.text)
    TIM_CCxNCmd                              0x08002a99   Thumb Code    26  stm32f10x_tim.o(.text)
    TIM_SelectOCxM                           0x08002ab3   Thumb Code   108  stm32f10x_tim.o(.text)
    TIM_UpdateDisableConfig                  0x08002b1f   Thumb Code    24  stm32f10x_tim.o(.text)
    TIM_UpdateRequestConfig                  0x08002b37   Thumb Code    24  stm32f10x_tim.o(.text)
    TIM_SelectHallSensor                     0x08002b4f   Thumb Code    24  stm32f10x_tim.o(.text)
    TIM_SelectOnePulseMode                   0x08002b67   Thumb Code    18  stm32f10x_tim.o(.text)
    TIM_SelectOutputTrigger                  0x08002b79   Thumb Code    18  stm32f10x_tim.o(.text)
    TIM_SelectSlaveMode                      0x08002b8b   Thumb Code    18  stm32f10x_tim.o(.text)
    TIM_SelectMasterSlaveMode                0x08002b9d   Thumb Code    18  stm32f10x_tim.o(.text)
    TIM_SetCounter                           0x08002baf   Thumb Code     4  stm32f10x_tim.o(.text)
    TIM_SetAutoreload                        0x08002bb3   Thumb Code     4  stm32f10x_tim.o(.text)
    TIM_SetCompare1                          0x08002bb7   Thumb Code     4  stm32f10x_tim.o(.text)
    TIM_SetCompare2                          0x08002bbb   Thumb Code     4  stm32f10x_tim.o(.text)
    TIM_SetCompare3                          0x08002bbf   Thumb Code     4  stm32f10x_tim.o(.text)
    TIM_SetCompare4                          0x08002bc3   Thumb Code     6  stm32f10x_tim.o(.text)
    TIM_SetClockDivision                     0x08002bc9   Thumb Code    14  stm32f10x_tim.o(.text)
    TIM_GetCapture1                          0x08002bd7   Thumb Code     6  stm32f10x_tim.o(.text)
    TIM_GetCapture2                          0x08002bdd   Thumb Code     6  stm32f10x_tim.o(.text)
    TIM_GetCapture3                          0x08002be3   Thumb Code     6  stm32f10x_tim.o(.text)
    TIM_GetCapture4                          0x08002be9   Thumb Code     8  stm32f10x_tim.o(.text)
    TIM_GetCounter                           0x08002bf1   Thumb Code     6  stm32f10x_tim.o(.text)
    TIM_GetPrescaler                         0x08002bf7   Thumb Code     6  stm32f10x_tim.o(.text)
    TIM_GetFlagStatus                        0x08002bfd   Thumb Code    18  stm32f10x_tim.o(.text)
    TIM_ClearFlag                            0x08002c0f   Thumb Code     6  stm32f10x_tim.o(.text)
    TIM_GetITStatus                          0x08002c15   Thumb Code    34  stm32f10x_tim.o(.text)
    TIM_ClearITPendingBit                    0x08002c37   Thumb Code     6  stm32f10x_tim.o(.text)
    TIM1_DeInit                              0x08002c3d   Thumb Code    22  stm32f10x_tim1.o(.text)
    TIM1_TimeBaseInit                        0x08002c53   Thumb Code    58  stm32f10x_tim1.o(.text)
    TIM1_OC1Init                             0x08002c8d   Thumb Code    76  stm32f10x_tim1.o(.text)
    TIM1_OC2Init                             0x08002cd9   Thumb Code    84  stm32f10x_tim1.o(.text)
    TIM1_OC3Init                             0x08002d2d   Thumb Code    80  stm32f10x_tim1.o(.text)
    TIM1_OC4Init                             0x08002d7d   Thumb Code    62  stm32f10x_tim1.o(.text)
    TIM1_BDTRConfig                          0x08002dbb   Thumb Code    44  stm32f10x_tim1.o(.text)
    TIM1_SetIC4Prescaler                     0x08002de7   Thumb Code    34  stm32f10x_tim1.o(.text)
    TIM1_SetIC3Prescaler                     0x08002e4d   Thumb Code    26  stm32f10x_tim1.o(.text)
    TIM1_SetIC2Prescaler                     0x08002e9d   Thumb Code    34  stm32f10x_tim1.o(.text)
    TIM1_SetIC1Prescaler                     0x08002f03   Thumb Code    26  stm32f10x_tim1.o(.text)
    TIM1_ICInit                              0x08002f4f   Thumb Code    92  stm32f10x_tim1.o(.text)
    TIM1_PWMIConfig                          0x08002fab   Thumb Code   102  stm32f10x_tim1.o(.text)
    TIM1_OCStructInit                        0x08003011   Thumb Code    20  stm32f10x_tim1.o(.text)
    TIM1_ICStructInit                        0x08003025   Thumb Code    32  stm32f10x_tim1.o(.text)
    TIM1_TimeBaseStructInit                  0x08003045   Thumb Code    18  stm32f10x_tim1.o(.text)
    TIM1_BDTRStructInit                      0x08003057   Thumb Code    18  stm32f10x_tim1.o(.text)
    TIM1_Cmd                                 0x08003069   Thumb Code     6  stm32f10x_tim1.o(.text)
    TIM1_CtrlPWMOutputs                      0x0800306f   Thumb Code     6  stm32f10x_tim1.o(.text)
    TIM1_ITConfig                            0x08003075   Thumb Code    28  stm32f10x_tim1.o(.text)
    TIM1_DMAConfig                           0x08003091   Thumb Code    26  stm32f10x_tim1.o(.text)
    TIM1_DMACmd                              0x080030ab   Thumb Code    30  stm32f10x_tim1.o(.text)
    TIM1_InternalClockConfig                 0x080030c9   Thumb Code    20  stm32f10x_tim1.o(.text)
    TIM1_ETRConfig                           0x080030dd   Thumb Code    42  stm32f10x_tim1.o(.text)
    TIM1_ETRClockMode1Config                 0x08003107   Thumb Code    74  stm32f10x_tim1.o(.text)
    TIM1_ETRClockMode2Config                 0x08003151   Thumb Code    26  stm32f10x_tim1.o(.text)
    TIM1_SelectInputTrigger                  0x0800316b   Thumb Code    26  stm32f10x_tim1.o(.text)
    TIM1_ITRxExternalClockConfig             0x08003185   Thumb Code    28  stm32f10x_tim1.o(.text)
    TIM1_TIxExternalClockConfig              0x080031a1   Thumb Code    58  stm32f10x_tim1.o(.text)
    TIM1_UpdateDisableConfig                 0x080031db   Thumb Code     6  stm32f10x_tim1.o(.text)
    TIM1_UpdateRequestConfig                 0x080031e1   Thumb Code     6  stm32f10x_tim1.o(.text)
    TIM1_SelectHallSensor                    0x080031e7   Thumb Code     8  stm32f10x_tim1.o(.text)
    TIM1_SelectOnePulseMode                  0x080031ef   Thumb Code     6  stm32f10x_tim1.o(.text)
    TIM1_SelectOutputTrigger                 0x080031f5   Thumb Code    22  stm32f10x_tim1.o(.text)
    TIM1_SelectSlaveMode                     0x0800320b   Thumb Code    26  stm32f10x_tim1.o(.text)
    TIM1_SelectMasterSlaveMode               0x08003225   Thumb Code     8  stm32f10x_tim1.o(.text)
    TIM1_EncoderInterfaceConfig              0x0800322d   Thumb Code    66  stm32f10x_tim1.o(.text)
    TIM1_PrescalerConfig                     0x0800326f   Thumb Code    12  stm32f10x_tim1.o(.text)
    TIM1_CounterModeConfig                   0x0800327b   Thumb Code    26  stm32f10x_tim1.o(.text)
    TIM1_ForcedOC1Config                     0x08003295   Thumb Code    26  stm32f10x_tim1.o(.text)
    TIM1_ForcedOC2Config                     0x080032af   Thumb Code    28  stm32f10x_tim1.o(.text)
    TIM1_ForcedOC3Config                     0x080032cb   Thumb Code    26  stm32f10x_tim1.o(.text)
    TIM1_ForcedOC4Config                     0x080032e5   Thumb Code    34  stm32f10x_tim1.o(.text)
    TIM1_ARRPreloadConfig                    0x08003307   Thumb Code     6  stm32f10x_tim1.o(.text)
    TIM1_SelectCOM                           0x0800330d   Thumb Code     8  stm32f10x_tim1.o(.text)
    TIM1_SelectCCDMA                         0x08003315   Thumb Code     8  stm32f10x_tim1.o(.text)
    TIM1_CCPreloadControl                    0x0800331d   Thumb Code     8  stm32f10x_tim1.o(.text)
    TIM1_OC1PreloadConfig                    0x08003325   Thumb Code     8  stm32f10x_tim1.o(.text)
    TIM1_OC2PreloadConfig                    0x0800332d   Thumb Code     8  stm32f10x_tim1.o(.text)
    TIM1_OC3PreloadConfig                    0x08003335   Thumb Code     8  stm32f10x_tim1.o(.text)
    TIM1_OC4PreloadConfig                    0x0800333d   Thumb Code     8  stm32f10x_tim1.o(.text)
    TIM1_OC1FastConfig                       0x08003345   Thumb Code     8  stm32f10x_tim1.o(.text)
    TIM1_OC2FastConfig                       0x0800334d   Thumb Code     8  stm32f10x_tim1.o(.text)
    TIM1_OC3FastConfig                       0x08003355   Thumb Code     8  stm32f10x_tim1.o(.text)
    TIM1_OC4FastConfig                       0x0800335d   Thumb Code     8  stm32f10x_tim1.o(.text)
    TIM1_ClearOC1Ref                         0x08003365   Thumb Code     8  stm32f10x_tim1.o(.text)
    TIM1_ClearOC2Ref                         0x0800336d   Thumb Code     8  stm32f10x_tim1.o(.text)
    TIM1_ClearOC3Ref                         0x08003375   Thumb Code     8  stm32f10x_tim1.o(.text)
    TIM1_ClearOC4Ref                         0x0800337d   Thumb Code     8  stm32f10x_tim1.o(.text)
    TIM1_GenerateEvent                       0x08003385   Thumb Code    16  stm32f10x_tim1.o(.text)
    TIM1_OC1PolarityConfig                   0x08003395   Thumb Code     6  stm32f10x_tim1.o(.text)
    TIM1_OC1NPolarityConfig                  0x0800339b   Thumb Code     8  stm32f10x_tim1.o(.text)
    TIM1_OC2PolarityConfig                   0x080033a3   Thumb Code     8  stm32f10x_tim1.o(.text)
    TIM1_OC2NPolarityConfig                  0x080033ab   Thumb Code     8  stm32f10x_tim1.o(.text)
    TIM1_OC3PolarityConfig                   0x080033b3   Thumb Code     8  stm32f10x_tim1.o(.text)
    TIM1_OC3NPolarityConfig                  0x080033bb   Thumb Code     8  stm32f10x_tim1.o(.text)
    TIM1_OC4PolarityConfig                   0x080033c3   Thumb Code     8  stm32f10x_tim1.o(.text)
    TIM1_CCxCmd                              0x080033cb   Thumb Code    42  stm32f10x_tim1.o(.text)
    TIM1_CCxNCmd                             0x080033f5   Thumb Code    30  stm32f10x_tim1.o(.text)
    TIM1_SelectOCxM                          0x08003413   Thumb Code   180  stm32f10x_tim1.o(.text)
    TIM1_SetCounter                          0x080034c7   Thumb Code     8  stm32f10x_tim1.o(.text)
    TIM1_SetAutoreload                       0x080034cf   Thumb Code     8  stm32f10x_tim1.o(.text)
    TIM1_SetCompare1                         0x080034d7   Thumb Code     8  stm32f10x_tim1.o(.text)
    TIM1_SetCompare2                         0x080034df   Thumb Code     8  stm32f10x_tim1.o(.text)
    TIM1_SetCompare3                         0x080034e7   Thumb Code     8  stm32f10x_tim1.o(.text)
    TIM1_SetCompare4                         0x080034ef   Thumb Code     8  stm32f10x_tim1.o(.text)
    TIM1_SetClockDivision                    0x080034f7   Thumb Code    20  stm32f10x_tim1.o(.text)
    TIM1_GetCapture1                         0x0800350b   Thumb Code     8  stm32f10x_tim1.o(.text)
    TIM1_GetCapture2                         0x08003513   Thumb Code     8  stm32f10x_tim1.o(.text)
    TIM1_GetCapture3                         0x0800351b   Thumb Code     8  stm32f10x_tim1.o(.text)
    TIM1_GetCapture4                         0x08003523   Thumb Code     8  stm32f10x_tim1.o(.text)
    TIM1_GetCounter                          0x0800352b   Thumb Code     8  stm32f10x_tim1.o(.text)
    TIM1_GetPrescaler                        0x08003533   Thumb Code     8  stm32f10x_tim1.o(.text)
    TIM1_GetFlagStatus                       0x0800353b   Thumb Code    22  stm32f10x_tim1.o(.text)
    TIM1_ClearFlag                           0x08003551   Thumb Code    16  stm32f10x_tim1.o(.text)
    TIM1_GetITStatus                         0x08003561   Thumb Code    42  stm32f10x_tim1.o(.text)
    TIM1_ClearITPendingBit                   0x0800358b   Thumb Code    16  stm32f10x_tim1.o(.text)
    USART_DeInit                             0x080035a5   Thumb Code   146  stm32f10x_usart.o(.text)
    USART_Init                               0x08003637   Thumb Code   150  stm32f10x_usart.o(.text)
    USART_StructInit                         0x080036cd   Thumb Code    24  stm32f10x_usart.o(.text)
    USART_ClockInit                          0x080036e5   Thumb Code    34  stm32f10x_usart.o(.text)
    USART_ClockStructInit                    0x08003707   Thumb Code    12  stm32f10x_usart.o(.text)
    USART_Cmd                                0x08003713   Thumb Code    24  stm32f10x_usart.o(.text)
    USART_ITConfig                           0x0800372b   Thumb Code    64  stm32f10x_usart.o(.text)
    USART_DMACmd                             0x0800376b   Thumb Code    18  stm32f10x_usart.o(.text)
    USART_SetAddress                         0x0800377d   Thumb Code    18  stm32f10x_usart.o(.text)
    USART_WakeUpConfig                       0x0800378f   Thumb Code    18  stm32f10x_usart.o(.text)
    USART_ReceiverWakeUpCmd                  0x080037a1   Thumb Code    24  stm32f10x_usart.o(.text)
    USART_LINBreakDetectLengthConfig         0x080037b9   Thumb Code    18  stm32f10x_usart.o(.text)
    USART_LINCmd                             0x080037cb   Thumb Code    24  stm32f10x_usart.o(.text)
    USART_SendData                           0x080037e3   Thumb Code     8  stm32f10x_usart.o(.text)
    USART_ReceiveData                        0x080037eb   Thumb Code    10  stm32f10x_usart.o(.text)
    USART_SendBreak                          0x080037f5   Thumb Code    10  stm32f10x_usart.o(.text)
    USART_SetGuardTime                       0x080037ff   Thumb Code    16  stm32f10x_usart.o(.text)
    USART_SetPrescaler                       0x0800380f   Thumb Code    16  stm32f10x_usart.o(.text)
    USART_SmartCardCmd                       0x0800381f   Thumb Code    24  stm32f10x_usart.o(.text)
    USART_SmartCardNACKCmd                   0x08003837   Thumb Code    24  stm32f10x_usart.o(.text)
    USART_HalfDuplexCmd                      0x0800384f   Thumb Code    24  stm32f10x_usart.o(.text)
    USART_IrDAConfig                         0x08003867   Thumb Code    18  stm32f10x_usart.o(.text)
    USART_IrDACmd                            0x08003879   Thumb Code    24  stm32f10x_usart.o(.text)
    USART_GetFlagStatus                      0x08003891   Thumb Code    18  stm32f10x_usart.o(.text)
    USART_ClearFlag                          0x080038a3   Thumb Code     6  stm32f10x_usart.o(.text)
    USART_GetITStatus                        0x080038a9   Thumb Code    76  stm32f10x_usart.o(.text)
    USART_ClearITPendingBit                  0x080038f5   Thumb Code    20  stm32f10x_usart.o(.text)
    delay_init                               0x08003915   Thumb Code    56  delay.o(.text)
    delay_ms                                 0x0800394d   Thumb Code    56  delay.o(.text)
    delay_us                                 0x08003985   Thumb Code    56  delay.o(.text)
    _sys_exit                                0x080039c5   Thumb Code     6  usart.o(.text)
    fputc                                    0x080039cb   Thumb Code    24  usart.o(.text)
    u32tostr                                 0x080039e3   Thumb Code    88  usart.o(.text)
    strtou32                                 0x08003a3b   Thumb Code    54  usart.o(.text)
    Usart_Configuration                      0x08003a71   Thumb Code   152  usart.o(.text)
    USART1_Putc                              0x08003b09   Thumb Code    22  usart.o(.text)
    USART1_Puts                              0x08003b1f   Thumb Code    34  usart.o(.text)
    UART_Send_Enter                          0x08003b41   Thumb Code    16  usart.o(.text)
    UART_Send_Str                            0x08003b51   Thumb Code    34  usart.o(.text)
    UART_Put_Num                             0x08003b73   Thumb Code    24  usart.o(.text)
    UART_Put_Inf                             0x08003b8b   Thumb Code    26  usart.o(.text)
    usart1_niming_report                     0x08003ba5   Thumb Code   120  usart.o(.text)
    debug_send_data                          0x08003c1d   Thumb Code    70  usart.o(.text)
    Encoder_InitConfig                       0x08003c71   Thumb Code   260  encode.o(.text)
    TIM3_Start                               0x08003d75   Thumb Code    30  encode.o(.text)
    MotorMsg_InitConfig                      0x08003d93   Thumb Code    22  encode.o(.text)
    TIM3_Process                             0x08003da9   Thumb Code   252  encode.o(.text)
    PIDStruct_Init                           0x08003ec9   Thumb Code    26  pid.o(.text)
    PID_Param_Init                           0x08003ee3   Thumb Code    18  pid.o(.text)
    PID_InitConfig                           0x08003ef5   Thumb Code    62  pid.o(.text)
    PIDCalc                                  0x08003f33   Thumb Code   226  pid.o(.text)
    ADC1_Config                              0x0800403d   Thumb Code   152  adc.o(.text)
    Get_ADC_Value                            0x080040d5   Thumb Code    52  adc.o(.text)
    CurrentZeroPointConfirm                  0x08004109   Thumb Code   198  adc.o(.text)
    Get_Current                              0x080041cf   Thumb Code   124  adc.o(.text)
    TIM1_Config                              0x08004271   Thumb Code   188  spwm.o(.text)
    SetMotorPWM                              0x0800432d   Thumb Code    58  spwm.o(.text)
    KalmanfilterInit                         0x08004371   Thumb Code    42  kalman.o(.text)
    kalmanfilter                             0x0800439b   Thumb Code   182  kalman.o(.text)
    CAN_Configuration                        0x0800445d   Thumb Code   204  can.o(.text)
    __WFI                                    0x08004531   Thumb Code     0  cortexm3_macro.o(.text)
    __WFE                                    0x08004535   Thumb Code     0  cortexm3_macro.o(.text)
    __SEV                                    0x08004539   Thumb Code     0  cortexm3_macro.o(.text)
    __ISB                                    0x0800453d   Thumb Code     0  cortexm3_macro.o(.text)
    __DSB                                    0x08004543   Thumb Code     0  cortexm3_macro.o(.text)
    __DMB                                    0x08004549   Thumb Code     0  cortexm3_macro.o(.text)
    __SVC                                    0x0800454f   Thumb Code     0  cortexm3_macro.o(.text)
    __MRS_CONTROL                            0x08004553   Thumb Code     0  cortexm3_macro.o(.text)
    __MSR_CONTROL                            0x08004559   Thumb Code     0  cortexm3_macro.o(.text)
    __MRS_PSP                                0x08004563   Thumb Code     0  cortexm3_macro.o(.text)
    __MSR_PSP                                0x08004569   Thumb Code     0  cortexm3_macro.o(.text)
    __MRS_MSP                                0x0800456f   Thumb Code     0  cortexm3_macro.o(.text)
    __MSR_MSP                                0x08004575   Thumb Code     0  cortexm3_macro.o(.text)
    __RESETPRIMASK                           0x0800457b   Thumb Code     0  cortexm3_macro.o(.text)
    __SETPRIMASK                             0x0800457f   Thumb Code     0  cortexm3_macro.o(.text)
    __READ_PRIMASK                           0x08004583   Thumb Code     0  cortexm3_macro.o(.text)
    __SETFAULTMASK                           0x08004589   Thumb Code     0  cortexm3_macro.o(.text)
    __RESETFAULTMASK                         0x0800458d   Thumb Code     0  cortexm3_macro.o(.text)
    __READ_FAULTMASK                         0x08004591   Thumb Code     0  cortexm3_macro.o(.text)
    __BASEPRICONFIG                          0x08004597   Thumb Code     0  cortexm3_macro.o(.text)
    __GetBASEPRI                             0x0800459d   Thumb Code     0  cortexm3_macro.o(.text)
    __REV_HalfWord                           0x080045a3   Thumb Code     0  cortexm3_macro.o(.text)
    __REV_Word                               0x080045a7   Thumb Code     0  cortexm3_macro.o(.text)
    Reset_Handler                            0x080045ad   Thumb Code     4  stm32f10x_vector.o(.text)
    __user_initial_stackheap                 0x080045b1   Thumb Code     0  stm32f10x_vector.o(.text)
    __use_no_semihosting                     0x080045d1   Thumb Code     2  use_no_semi_2.o(.text)
    __2printf                                0x080045d5   Thumb Code    20  noretval__2printf.o(.text)
    __printf                                 0x080045ed   Thumb Code   104  __printf.o(.text)
    _printf_int_hex                          0x08004655   Thumb Code    84  _printf_hex_int.o(.text)
    _printf_longlong_hex                     0x08004655   Thumb Code     0  _printf_hex_int.o(.text)
    strlen                                   0x080046ad   Thumb Code    62  strlen.o(.text)
    __use_two_region_memory                  0x080046eb   Thumb Code     2  heapauxi.o(.text)
    __rt_heap_escrow$2region                 0x080046ed   Thumb Code     2  heapauxi.o(.text)
    __rt_heap_expand$2region                 0x080046ef   Thumb Code     2  heapauxi.o(.text)
    __I$use$semihosting                      0x080046f1   Thumb Code     0  use_no_semi.o(.text)
    __use_no_semihosting_swi                 0x080046f1   Thumb Code     2  use_no_semi.o(.text)
    _printf_int_common                       0x080046f3   Thumb Code   178  _printf_intcommon.o(.text)
    _printf_char_file                        0x080047a5   Thumb Code    32  _printf_char_file.o(.text)
    _printf_char_common                      0x080047d3   Thumb Code    32  _printf_char_common.o(.text)
    ferror                                   0x080047f9   Thumb Code     8  ferror.o(.text)
    __user_setup_stackheap                   0x08004801   Thumb Code    74  sys_stackheap_outer.o(.text)
    exit                                     0x0800484b   Thumb Code    18  exit.o(.text)
    __user_libspace                          0x0800485d   Thumb Code     8  libspace.o(.text)
    __user_perproc_libspace                  0x0800485d   Thumb Code     0  libspace.o(.text)
    __user_perthread_libspace                0x0800485d   Thumb Code     0  libspace.o(.text)
    __aeabi_d2f                              0x08004865   Thumb Code     0  d2f.o(x$fpl$d2f)
    _d2f                                     0x08004865   Thumb Code    98  d2f.o(x$fpl$d2f)
    __aeabi_ddiv                             0x080048c9   Thumb Code     0  ddiv.o(x$fpl$ddiv)
    _ddiv                                    0x080048c9   Thumb Code   552  ddiv.o(x$fpl$ddiv)
    __aeabi_dmul                             0x08004b79   Thumb Code     0  dmul.o(x$fpl$dmul)
    _dmul                                    0x08004b79   Thumb Code   332  dmul.o(x$fpl$dmul)
    __fpl_dnaninf                            0x08004ccd   Thumb Code   156  dnaninf.o(x$fpl$dnaninf)
    __fpl_dretinf                            0x08004d69   Thumb Code    12  dretinf.o(x$fpl$dretinf)
    __aeabi_f2d                              0x08004d75   Thumb Code     0  f2d.o(x$fpl$f2d)
    _f2d                                     0x08004d75   Thumb Code    86  f2d.o(x$fpl$f2d)
    __aeabi_fadd                             0x08004dcd   Thumb Code     0  faddsub_clz.o(x$fpl$fadd)
    _fadd                                    0x08004dcd   Thumb Code   196  faddsub_clz.o(x$fpl$fadd)
    __fpl_fcmp_Inf                           0x08004e91   Thumb Code    24  fcmpi.o(x$fpl$fcmpinf)
    __aeabi_fdiv                             0x08004ea9   Thumb Code     0  fdiv.o(x$fpl$fdiv)
    _fdiv                                    0x08004ea9   Thumb Code   384  fdiv.o(x$fpl$fdiv)
    __aeabi_cfcmpeq                          0x0800502d   Thumb Code     0  feqf.o(x$fpl$feqf)
    _fcmpeq                                  0x0800502d   Thumb Code   104  feqf.o(x$fpl$feqf)
    __aeabi_f2uiz                            0x08005095   Thumb Code     0  ffixu.o(x$fpl$ffixu)
    _ffixu                                   0x08005095   Thumb Code    62  ffixu.o(x$fpl$ffixu)
    __aeabi_i2f                              0x080050d5   Thumb Code     0  fflt_clz.o(x$fpl$fflt)
    _fflt                                    0x080050d5   Thumb Code    48  fflt_clz.o(x$fpl$fflt)
    __aeabi_ui2f                             0x08005105   Thumb Code     0  fflt_clz.o(x$fpl$ffltu)
    _ffltu                                   0x08005105   Thumb Code    38  fflt_clz.o(x$fpl$ffltu)
    __aeabi_cfcmple                          0x0800512d   Thumb Code     0  fleqf.o(x$fpl$fleqf)
    _fcmple                                  0x0800512d   Thumb Code   104  fleqf.o(x$fpl$fleqf)
    __fpl_fcmple_InfNaN                      0x0800517f   Thumb Code     0  fleqf.o(x$fpl$fleqf)
    __aeabi_fmul                             0x08005195   Thumb Code     0  fmul.o(x$fpl$fmul)
    _fmul                                    0x08005195   Thumb Code   258  fmul.o(x$fpl$fmul)
    __fpl_fnaninf                            0x08005297   Thumb Code   140  fnaninf.o(x$fpl$fnaninf)
    __fpl_fretinf                            0x08005323   Thumb Code    10  fretinf.o(x$fpl$fretinf)
    __aeabi_cfrcmple                         0x0800532d   Thumb Code     0  frleqf.o(x$fpl$frleqf)
    _frcmple                                 0x0800532d   Thumb Code    98  frleqf.o(x$fpl$frleqf)
    __aeabi_frsub                            0x0800538f   Thumb Code     0  faddsub_clz.o(x$fpl$frsb)
    _frsb                                    0x0800538f   Thumb Code    20  faddsub_clz.o(x$fpl$frsb)
    __aeabi_fsub                             0x080053a5   Thumb Code     0  faddsub_clz.o(x$fpl$fsub)
    _fsub                                    0x080053a5   Thumb Code   234  faddsub_clz.o(x$fpl$fsub)
    __I$use$fp                               0x0800548e   Number         0  usenofp.o(x$fpl$usenofp)
    Region$$Table$$Base                      0x0800556c   Number         0  anon$$obj.o(Region$$Table)
    Region$$Table$$Limit                     0x0800558c   Number         0  anon$$obj.o(Region$$Table)
    __stdout                                 0x2000000c   Data           4  usart.o(.data)
    pwm                                      0x20000010   Data           4  encode.o(.data)
    n                                        0x20000014   Data           8  encode.o(.data)
    a                                        0x2000001c   Data           4  encode.o(.data)
    f                                        0x20000020   Data           4  encode.o(.data)
    CurrentZeroPoint                         0x20000024   Data           4  adc.o(.data)
    MotorMsg                                 0x20000028   Data          20  encode.o(.bss)
    MotorTime                                0x2000003c   Data          16  encode.o(.bss)
    PID_Motor_P                              0x2000004c   Data          44  pid.o(.bss)
    PID_Motor_V                              0x20000078   Data          44  pid.o(.bss)
    PID_Motor_I                              0x200000a4   Data          44  pid.o(.bss)
    pid_config                               0x200000d0   Data          44  pid.o(.bss)
    Kalman                                   0x200000fc   Data          44  kalman.o(.bss)
    __libspace_start                         0x20000128   Data          96  libspace.o(.bss)
    __temporary_stack_top$libspace           0x20000188   Data           0  libspace.o(.bss)



==============================================================================

Memory Map of the image

  Image Entry point : 0x08000131

  Load Region LR_IROM1 (Base: 0x08000000, Size: 0x000055b4, Max: 0x00010000, ABSOLUTE)

    Execution Region ER_IROM1 (Base: 0x08000000, Size: 0x0000558c, Max: 0x00010000, ABSOLUTE)

    Base Addr    Size         Type   Attr      Idx    E Section Name        Object

    0x08000000   0x00000130   Data   RO          613    RESET               stm32f10x_vector.o
    0x08000130   0x00000008   Code   RO          675  * !!!main             c_w.l(__main.o)
    0x08000138   0x00000034   Code   RO          892    !!!scatter          c_w.l(__scatter.o)
    0x0800016c   0x0000001a   Code   RO          894    !!handler_copy      c_w.l(__scatter_copy.o)
    0x08000186   0x00000002   PAD
    0x08000188   0x0000001c   Code   RO          896    !!handler_zi        c_w.l(__scatter_zi.o)
    0x080001a4   0x00000000   Code   RO          670    .ARM.Collect$$_printf_percent$$00000000  c_w.l(_printf_percent.o)
    0x080001a4   0x00000006   Code   RO          669    .ARM.Collect$$_printf_percent$$0000000C  c_w.l(_printf_x.o)
    0x080001aa   0x00000004   Code   RO          720    .ARM.Collect$$_printf_percent$$00000017  c_w.l(_printf_percent_end.o)
    0x080001ae   0x00000002   Code   RO          766    .ARM.Collect$$libinit$$00000000  c_w.l(libinit.o)
    0x080001b0   0x00000000   Code   RO          773    .ARM.Collect$$libinit$$00000002  c_w.l(libinit2.o)
    0x080001b0   0x00000000   Code   RO          775    .ARM.Collect$$libinit$$00000004  c_w.l(libinit2.o)
    0x080001b0   0x00000000   Code   RO          778    .ARM.Collect$$libinit$$0000000A  c_w.l(libinit2.o)
    0x080001b0   0x00000000   Code   RO          780    .ARM.Collect$$libinit$$0000000C  c_w.l(libinit2.o)
    0x080001b0   0x00000000   Code   RO          782    .ARM.Collect$$libinit$$0000000E  c_w.l(libinit2.o)
    0x080001b0   0x00000000   Code   RO          785    .ARM.Collect$$libinit$$00000011  c_w.l(libinit2.o)
    0x080001b0   0x00000000   Code   RO          787    .ARM.Collect$$libinit$$00000013  c_w.l(libinit2.o)
    0x080001b0   0x00000000   Code   RO          789    .ARM.Collect$$libinit$$00000015  c_w.l(libinit2.o)
    0x080001b0   0x00000000   Code   RO          791    .ARM.Collect$$libinit$$00000017  c_w.l(libinit2.o)
    0x080001b0   0x00000000   Code   RO          793    .ARM.Collect$$libinit$$00000019  c_w.l(libinit2.o)
    0x080001b0   0x00000000   Code   RO          795    .ARM.Collect$$libinit$$0000001B  c_w.l(libinit2.o)
    0x080001b0   0x00000000   Code   RO          797    .ARM.Collect$$libinit$$0000001D  c_w.l(libinit2.o)
    0x080001b0   0x00000000   Code   RO          799    .ARM.Collect$$libinit$$0000001F  c_w.l(libinit2.o)
    0x080001b0   0x00000000   Code   RO          801    .ARM.Collect$$libinit$$00000021  c_w.l(libinit2.o)
    0x080001b0   0x00000000   Code   RO          803    .ARM.Collect$$libinit$$00000023  c_w.l(libinit2.o)
    0x080001b0   0x00000000   Code   RO          805    .ARM.Collect$$libinit$$00000025  c_w.l(libinit2.o)
    0x080001b0   0x00000000   Code   RO          809    .ARM.Collect$$libinit$$0000002C  c_w.l(libinit2.o)
    0x080001b0   0x00000000   Code   RO          811    .ARM.Collect$$libinit$$0000002E  c_w.l(libinit2.o)
    0x080001b0   0x00000000   Code   RO          813    .ARM.Collect$$libinit$$00000030  c_w.l(libinit2.o)
    0x080001b0   0x00000000   Code   RO          815    .ARM.Collect$$libinit$$00000032  c_w.l(libinit2.o)
    0x080001b0   0x00000002   Code   RO          816    .ARM.Collect$$libinit$$00000033  c_w.l(libinit2.o)
    0x080001b2   0x00000002   Code   RO          834    .ARM.Collect$$libshutdown$$00000000  c_w.l(libshutdown.o)
    0x080001b4   0x00000000   Code   RO          844    .ARM.Collect$$libshutdown$$00000002  c_w.l(libshutdown2.o)
    0x080001b4   0x00000000   Code   RO          846    .ARM.Collect$$libshutdown$$00000004  c_w.l(libshutdown2.o)
    0x080001b4   0x00000000   Code   RO          849    .ARM.Collect$$libshutdown$$00000007  c_w.l(libshutdown2.o)
    0x080001b4   0x00000000   Code   RO          852    .ARM.Collect$$libshutdown$$0000000A  c_w.l(libshutdown2.o)
    0x080001b4   0x00000000   Code   RO          854    .ARM.Collect$$libshutdown$$0000000C  c_w.l(libshutdown2.o)
    0x080001b4   0x00000000   Code   RO          857    .ARM.Collect$$libshutdown$$0000000F  c_w.l(libshutdown2.o)
    0x080001b4   0x00000002   Code   RO          858    .ARM.Collect$$libshutdown$$00000010  c_w.l(libshutdown2.o)
    0x080001b6   0x00000000   Code   RO          715    .ARM.Collect$$rtentry$$00000000  c_w.l(__rtentry.o)
    0x080001b6   0x00000000   Code   RO          735    .ARM.Collect$$rtentry$$00000002  c_w.l(__rtentry2.o)
    0x080001b6   0x00000006   Code   RO          747    .ARM.Collect$$rtentry$$00000004  c_w.l(__rtentry4.o)
    0x080001bc   0x00000000   Code   RO          737    .ARM.Collect$$rtentry$$00000009  c_w.l(__rtentry2.o)
    0x080001bc   0x00000004   Code   RO          738    .ARM.Collect$$rtentry$$0000000A  c_w.l(__rtentry2.o)
    0x080001c0   0x00000000   Code   RO          740    .ARM.Collect$$rtentry$$0000000C  c_w.l(__rtentry2.o)
    0x080001c0   0x00000008   Code   RO          741    .ARM.Collect$$rtentry$$0000000D  c_w.l(__rtentry2.o)
    0x080001c8   0x00000002   Code   RO          770    .ARM.Collect$$rtexit$$00000000  c_w.l(rtexit.o)
    0x080001ca   0x00000000   Code   RO          818    .ARM.Collect$$rtexit$$00000002  c_w.l(rtexit2.o)
    0x080001ca   0x00000004   Code   RO          819    .ARM.Collect$$rtexit$$00000003  c_w.l(rtexit2.o)
    0x080001ce   0x00000006   Code   RO          820    .ARM.Collect$$rtexit$$00000004  c_w.l(rtexit2.o)
    0x080001d4   0x000001b4   Code   RO            1    .text               main.o
    0x08000388   0x000000bc   Code   RO          112    .text               stm32f10x_it.o
    0x08000444   0x00000430   Code   RO          147    .text               stm32f10x_adc.o
    0x08000874   0x00000834   Code   RO          171    .text               stm32f10x_can.o
    0x080010a8   0x00000530   Code   RO          243    .text               stm32f10x_flash.o
    0x080015d8   0x0000032c   Code   RO          267    .text               stm32f10x_gpio.o
    0x08001904   0x000003d8   Code   RO          312    .text               stm32f10x_nvic.o
    0x08001cdc   0x000003b0   Code   RO          336    .text               stm32f10x_rcc.o
    0x0800208c   0x00000bb0   Code   RO          399    .text               stm32f10x_tim.o
    0x08002c3c   0x00000968   Code   RO          411    .text               stm32f10x_tim1.o
    0x080035a4   0x00000370   Code   RO          423    .text               stm32f10x_usart.o
    0x08003914   0x000000b0   Code   RO          447    .text               delay.o
    0x080039c4   0x000002ac   Code   RO          461    .text               usart.o
    0x08003c70   0x00000258   Code   RO          480    .text               encode.o
    0x08003ec8   0x00000174   Code   RO          499    .text               pid.o
    0x0800403c   0x00000234   Code   RO          535    .text               adc.o
    0x08004270   0x00000100   Code   RO          568    .text               spwm.o
    0x08004370   0x000000ec   Code   RO          580    .text               kalman.o
    0x0800445c   0x000000d4   Code   RO          595    .text               can.o
    0x08004530   0x0000007a   Code   RO          607    .text               cortexm3_macro.o
    0x080045aa   0x00000002   PAD
    0x080045ac   0x00000024   Code   RO          614    .text               stm32f10x_vector.o
    0x080045d0   0x00000002   Code   RO          620    .text               c_w.l(use_no_semi_2.o)
    0x080045d2   0x00000002   PAD
    0x080045d4   0x00000018   Code   RO          624    .text               c_w.l(noretval__2printf.o)
    0x080045ec   0x00000068   Code   RO          626    .text               c_w.l(__printf.o)
    0x08004654   0x00000058   Code   RO          631    .text               c_w.l(_printf_hex_int.o)
    0x080046ac   0x0000003e   Code   RO          671    .text               c_w.l(strlen.o)
    0x080046ea   0x00000006   Code   RO          673    .text               c_w.l(heapauxi.o)
    0x080046f0   0x00000002   Code   RO          713    .text               c_w.l(use_no_semi.o)
    0x080046f2   0x000000b2   Code   RO          716    .text               c_w.l(_printf_intcommon.o)
    0x080047a4   0x00000024   Code   RO          718    .text               c_w.l(_printf_char_file.o)
    0x080047c8   0x00000030   Code   RO          749    .text               c_w.l(_printf_char_common.o)
    0x080047f8   0x00000008   Code   RO          751    .text               c_w.l(ferror.o)
    0x08004800   0x0000004a   Code   RO          755    .text               c_w.l(sys_stackheap_outer.o)
    0x0800484a   0x00000012   Code   RO          759    .text               c_w.l(exit.o)
    0x0800485c   0x00000008   Code   RO          767    .text               c_w.l(libspace.o)
    0x08004864   0x00000062   Code   RO          677    x$fpl$d2f           fz_ws.l(d2f.o)
    0x080048c6   0x00000002   PAD
    0x080048c8   0x000002b0   Code   RO          680    x$fpl$ddiv          fz_ws.l(ddiv.o)
    0x08004b78   0x00000154   Code   RO          683    x$fpl$dmul          fz_ws.l(dmul.o)
    0x08004ccc   0x0000009c   Code   RO          721    x$fpl$dnaninf       fz_ws.l(dnaninf.o)
    0x08004d68   0x0000000c   Code   RO          723    x$fpl$dretinf       fz_ws.l(dretinf.o)
    0x08004d74   0x00000056   Code   RO          685    x$fpl$f2d           fz_ws.l(f2d.o)
    0x08004dca   0x00000002   PAD
    0x08004dcc   0x000000c4   Code   RO          687    x$fpl$fadd          fz_ws.l(faddsub_clz.o)
    0x08004e90   0x00000018   Code   RO          725    x$fpl$fcmpinf       fz_ws.l(fcmpi.o)
    0x08004ea8   0x00000184   Code   RO          694    x$fpl$fdiv          fz_ws.l(fdiv.o)
    0x0800502c   0x00000068   Code   RO          697    x$fpl$feqf          fz_ws.l(feqf.o)
    0x08005094   0x0000003e   Code   RO          699    x$fpl$ffixu         fz_ws.l(ffixu.o)
    0x080050d2   0x00000002   PAD
    0x080050d4   0x00000030   Code   RO          704    x$fpl$fflt          fz_ws.l(fflt_clz.o)
    0x08005104   0x00000026   Code   RO          703    x$fpl$ffltu         fz_ws.l(fflt_clz.o)
    0x0800512a   0x00000002   PAD
    0x0800512c   0x00000068   Code   RO          727    x$fpl$fleqf         fz_ws.l(fleqf.o)
    0x08005194   0x00000102   Code   RO          709    x$fpl$fmul          fz_ws.l(fmul.o)
    0x08005296   0x0000008c   Code   RO          729    x$fpl$fnaninf       fz_ws.l(fnaninf.o)
    0x08005322   0x0000000a   Code   RO          731    x$fpl$fretinf       fz_ws.l(fretinf.o)
    0x0800532c   0x00000062   Code   RO          711    x$fpl$frleqf        fz_ws.l(frleqf.o)
    0x0800538e   0x00000014   Code   RO          688    x$fpl$frsb          fz_ws.l(faddsub_clz.o)
    0x080053a2   0x00000002   PAD
    0x080053a4   0x000000ea   Code   RO          689    x$fpl$fsub          fz_ws.l(faddsub_clz.o)
    0x0800548e   0x00000000   Code   RO          733    x$fpl$usenofp       fz_ws.l(usenofp.o)
    0x0800548e   0x00000014   Data   RO          337    .constdata          stm32f10x_rcc.o
    0x080054a2   0x00000028   Data   RO          632    .constdata          c_w.l(_printf_hex_int.o)
    0x080054ca   0x00000002   PAD
    0x080054cc   0x000000a0   Data   RO            2    .conststring        main.o
    0x0800556c   0x00000020   Data   RO          890    Region$$Table       anon$$obj.o


    Execution Region RW_IRAM1 (Base: 0x20000000, Size: 0x00000988, Max: 0x00005000, ABSOLUTE)

    Base Addr    Size         Type   Attr      Idx    E Section Name        Object

    0x20000000   0x00000008   Data   RW          338    .data               stm32f10x_rcc.o
    0x20000008   0x00000004   Data   RW          448    .data               delay.o
    0x2000000c   0x00000004   Data   RW          462    .data               usart.o
    0x20000010   0x00000014   Data   RW          482    .data               encode.o
    0x20000024   0x00000004   Data   RW          536    .data               adc.o
    0x20000028   0x00000024   Zero   RW          481    .bss                encode.o
    0x2000004c   0x000000b0   Zero   RW          500    .bss                pid.o
    0x200000fc   0x0000002c   Zero   RW          581    .bss                kalman.o
    0x20000128   0x00000060   Zero   RW          768    .bss                c_w.l(libspace.o)
    0x20000188   0x00000400   Zero   RW          612    HEAP                stm32f10x_vector.o
    0x20000588   0x00000400   Zero   RW          611    STACK               stm32f10x_vector.o


==============================================================================

Image component sizes


      Code (inc. data)   RO Data    RW Data    ZI Data      Debug   Object Name

       564         38          0          4          0       1455   adc.o
       212          8          0          0          0        676   can.o
       122          0          0          0          0        352   cortexm3_macro.o
       176          8          0          4          0        971   delay.o
       600         36          0         20         36       2492   encode.o
       236         12          0          0         44        905   kalman.o
       436         12        160          0          0     102021   main.o
       372         40          0          0        176       2412   pid.o
       256         10          0          0          0        878   spwm.o
      1072         20          0          0          0      10625   stm32f10x_adc.o
      2100         22          0          0          0       5950   stm32f10x_can.o
      1328         34          0          0          0       5906   stm32f10x_flash.o
       812         16          0          0          0       5091   stm32f10x_gpio.o
       188         10          0          0          0       7856   stm32f10x_it.o
       984         30          0          0          0       7120   stm32f10x_nvic.o
       944         44         20          8          0       8636   stm32f10x_rcc.o
      2992         18          0          0          0      24140   stm32f10x_tim.o
      2408         48          0          0          0      23967   stm32f10x_tim1.o
       880         12          0          0          0       7623   stm32f10x_usart.o
        36         22        304          0       2048        332   stm32f10x_vector.o
       684         14          0          4          0       5319   usart.o

    ----------------------------------------------------------------------
     17404        454        516         40       2304     224727   Object Totals
         0          0         32          0          0          0   (incl. Generated)
         2          0          0          0          0          0   (incl. Padding)

    ----------------------------------------------------------------------

      Code (inc. data)   RO Data    RW Data    ZI Data      Debug   Library Member Name

         8          0          0          0          0         68   __main.o
       104          0          0          0          0         84   __printf.o
         0          0          0          0          0          0   __rtentry.o
        12          0          0          0          0          0   __rtentry2.o
         6          0          0          0          0          0   __rtentry4.o
        52          8          0          0          0          0   __scatter.o
        26          0          0          0          0          0   __scatter_copy.o
        28          0          0          0          0          0   __scatter_zi.o
        48          6          0          0          0         96   _printf_char_common.o
        36          4          0          0          0         80   _printf_char_file.o
        88          4         40          0          0         88   _printf_hex_int.o
       178          0          0          0          0         88   _printf_intcommon.o
         0          0          0          0          0          0   _printf_percent.o
         4          0          0          0          0          0   _printf_percent_end.o
         6          0          0          0          0          0   _printf_x.o
        18          0          0          0          0         80   exit.o
         8          0          0          0          0         68   ferror.o
         6          0          0          0          0        152   heapauxi.o
         2          0          0          0          0          0   libinit.o
         2          0          0          0          0          0   libinit2.o
         2          0          0          0          0          0   libshutdown.o
         2          0          0          0          0          0   libshutdown2.o
         8          4          0          0         96         68   libspace.o
        24          4          0          0          0         84   noretval__2printf.o
         2          0          0          0          0          0   rtexit.o
        10          0          0          0          0          0   rtexit2.o
        62          0          0          0          0         76   strlen.o
        74          0          0          0          0         80   sys_stackheap_outer.o
         2          0          0          0          0         68   use_no_semi.o
         2          0          0          0          0         68   use_no_semi_2.o
        98          4          0          0          0         92   d2f.o
       688        140          0          0          0        208   ddiv.o
       340         12          0          0          0        104   dmul.o
       156          4          0          0          0         92   dnaninf.o
        12          0          0          0          0         68   dretinf.o
        86          4          0          0          0         84   f2d.o
       450          8          0          0          0        236   faddsub_clz.o
        24          0          0          0          0         68   fcmpi.o
       388         76          0          0          0         96   fdiv.o
       104          4          0          0          0         84   feqf.o
        62          4          0          0          0         84   ffixu.o
        86          0          0          0          0        136   fflt_clz.o
       104          4          0          0          0         84   fleqf.o
       258          4          0          0          0         84   fmul.o
       140          4          0          0          0         84   fnaninf.o
        10          0          0          0          0         68   fretinf.o
        98          0          0          0          0         68   frleqf.o
         0          0          0          0          0          0   usenofp.o

    ----------------------------------------------------------------------
      3938        298         42          0         96       2988   Library Totals
        14          0          2          0          0          0   (incl. Padding)

    ----------------------------------------------------------------------

      Code (inc. data)   RO Data    RW Data    ZI Data      Debug   Library Name

       820         30         40          0         96       1248   c_w.l
      3104        268          0          0          0       1740   fz_ws.l

    ----------------------------------------------------------------------
      3938        298         42          0         96       2988   Library Totals

    ----------------------------------------------------------------------

==============================================================================


      Code (inc. data)   RO Data    RW Data    ZI Data      Debug   

     21342        752        558         40       2400     223863   Grand Totals
     21342        752        558         40       2400     223863   ELF Image Totals
     21342        752        558         40          0          0   ROM Totals

==============================================================================

    Total RO  Size (Code + RO Data)                21900 (  21.39kB)
    Total RW  Size (RW Data + ZI Data)              2440 (   2.38kB)
    Total ROM Size (Code + RO Data + RW Data)      21940 (  21.43kB)

==============================================================================

